BL51 BANKED LINKER/LOCATER V6.22                                                        06/27/2018  11:39:01  PAGE 1


BL51 BANKED LINKER/LOCATER V6.22, INVOKED BY:
C:\KEIL\C51\BIN\BL51.EXE .\obj\STARTUP.obj, .\obj\AdcDrv.obj, .\obj\AngApp.obj, .\obj\Calibration.obj, .\obj\CalMcuT.obj
>> , .\obj\CmdSub.obj, .\obj\Comm.obj, .\obj\compass.obj, .\obj\Delay.obj, .\obj\Filter.obj, .\obj\Flash.obj, .\obj\Init
>> .obj, .\obj\Key.obj, .\obj\Main.obj, .\obj\ModBusCrc.obj, .\obj\ModBusRtu.obj, .\obj\Send.obj, .\obj\Sensor.obj, .\ob
>> j\Sub.obj, .\obj\Timer.obj TO .\obj\WTS125_M PRINT (.\lst\WTS125_M.m51) RAMSIZE (256)


MEMORY MODEL: SMALL WITH FLOATING POINT ARITHMETIC


INPUT MODULES INCLUDED:
  .\obj\STARTUP.obj (?C_STARTUP)
  .\obj\AdcDrv.obj (ADCDRV)
  .\obj\AngApp.obj (ANGAPP)
  .\obj\Calibration.obj (CALIBRATION)
  .\obj\CalMcuT.obj (CALMCUT)
  .\obj\CmdSub.obj (CMDSUB)
  .\obj\Comm.obj (COMM)
  .\obj\compass.obj (COMPASS)
  .\obj\Delay.obj (DELAY)
  .\obj\Filter.obj (FILTER)
  .\obj\Flash.obj (FLASH)
  .\obj\Init.obj (INIT)
  .\obj\Key.obj (KEY)
  .\obj\Main.obj (MAIN)
  .\obj\ModBusCrc.obj (MODBUSCRC)
  .\obj\ModBusRtu.obj (MODBUSRTU)
  .\obj\Send.obj (SEND)
  .\obj\Sensor.obj (SENSOR)
  .\obj\Sub.obj (SUB)
  .\obj\Timer.obj (TIMER)
  C:\KEIL\C51\LIB\C51FPS.LIB (?C?FPADD)
  C:\KEIL\C51\LIB\C51FPS.LIB (?C?FPMUL)
  C:\KEIL\C51\LIB\C51FPS.LIB (?C?FPDIV)
  C:\KEIL\C51\LIB\C51FPS.LIB (?C?FPCMP)
  C:\KEIL\C51\LIB\C51FPS.LIB (?C?FCAST)
  C:\KEIL\C51\LIB\C51FPS.LIB (?C?CASTF)
  C:\KEIL\C51\LIB\C51FPS.LIB (SQRT)
  C:\KEIL\C51\LIB\C51FPS.LIB (SIN)
  C:\KEIL\C51\LIB\C51FPS.LIB (ATAN)
  C:\KEIL\C51\LIB\C51FPS.LIB (ASIN)
  C:\KEIL\C51\LIB\C51FPS.LIB (?C?FPGETOPN)
  C:\KEIL\C51\LIB\C51FPS.LIB (?C?FPSERIES)
  C:\KEIL\C51\LIB\C51S.LIB (?C_INIT)
  C:\KEIL\C51\LIB\C51S.LIB (?C?CLDPTR)
  C:\KEIL\C51\LIB\C51S.LIB (?C?CLDOPTR)
  C:\KEIL\C51\LIB\C51S.LIB (?C?CILDPTR)
  C:\KEIL\C51\LIB\C51S.LIB (?C?CILDOPTR)
  C:\KEIL\C51\LIB\C51S.LIB (?C?CSTPTR)
  C:\KEIL\C51\LIB\C51S.LIB (?C?CSTOPTR)
  C:\KEIL\C51\LIB\C51S.LIB (?C?IMUL)
  C:\KEIL\C51\LIB\C51S.LIB (?C?UIDIV)
  C:\KEIL\C51\LIB\C51S.LIB (?C?SIDIV)
  C:\KEIL\C51\LIB\C51S.LIB (?C?IILDX)
  C:\KEIL\C51\LIB\C51S.LIB (?C?ILDPTR)
  C:\KEIL\C51\LIB\C51S.LIB (?C?ILDOPTR)
  C:\KEIL\C51\LIB\C51S.LIB (?C?IILDPTR)
  C:\KEIL\C51\LIB\C51S.LIB (?C?IILDOPTR)
BL51 BANKED LINKER/LOCATER V6.22                                                      06/27/2018  11:39:01  PAGE 2


  C:\KEIL\C51\LIB\C51S.LIB (?C?ISTPTR)
  C:\KEIL\C51\LIB\C51S.LIB (?C?ISTOPTR)
  C:\KEIL\C51\LIB\C51S.LIB (?C?LMUL)
  C:\KEIL\C51\LIB\C51S.LIB (?C?ULDIV)
  C:\KEIL\C51\LIB\C51S.LIB (?C?SLDIV)
  C:\KEIL\C51\LIB\C51S.LIB (?C?LNEG)
  C:\KEIL\C51\LIB\C51S.LIB (?C?SLCMP)
  C:\KEIL\C51\LIB\C51S.LIB (?C?ULCMP)
  C:\KEIL\C51\LIB\C51S.LIB (?C?ULSHR)
  C:\KEIL\C51\LIB\C51S.LIB (?C?LSHL)
  C:\KEIL\C51\LIB\C51S.LIB (?C?LLDPTR)
  C:\KEIL\C51\LIB\C51S.LIB (?C?LLDOPTR)
  C:\KEIL\C51\LIB\C51S.LIB (?C?LSTPTR)
  C:\KEIL\C51\LIB\C51S.LIB (?C?LSTOPTR)
  C:\KEIL\C51\LIB\C51S.LIB (?C?LLDCODE)
  C:\KEIL\C51\LIB\C51S.LIB (?C?LLDCODE0)
  C:\KEIL\C51\LIB\C51S.LIB (?C?LLDOPTR0)
  C:\KEIL\C51\LIB\C51S.LIB (?C?LSTXDATA)
  C:\KEIL\C51\LIB\C51S.LIB (?C?LSTKXDATA)
  C:\KEIL\C51\LIB\C51S.LIB (?C?LSTKOPTR)
  C:\KEIL\C51\LIB\C51S.LIB (?C?OFFXADD)
  C:\KEIL\C51\LIB\C51S.LIB (?C?PLDOPTR)
  C:\KEIL\C51\LIB\C51S.LIB (?C?PLDIOPTR)
  C:\KEIL\C51\LIB\C51S.LIB (?C?PSTOPTR)
  C:\KEIL\C51\LIB\C51S.LIB (?C?ICASE)
  C:\KEIL\C51\LIB\C51S.LIB (?C?ICALL)
  C:\KEIL\C51\LIB\C51S.LIB (STRNCMP)
  C:\KEIL\C51\LIB\C51S.LIB (STRNCPY)
  C:\KEIL\C51\LIB\C51S.LIB (?C?LLDIDATA)
  C:\KEIL\C51\LIB\C51S.LIB (?C?LLDXDATA)
  C:\KEIL\C51\LIB\C51S.LIB (?C?LLDPDATA)
  C:\KEIL\C51\LIB\C51S.LIB (?C?LLDIDATA0)
  C:\KEIL\C51\LIB\C51S.LIB (?C?LLDXDATA0)
  C:\KEIL\C51\LIB\C51S.LIB (?C?LLDPDATA0)
  C:\KEIL\C51\LIB\C51S.LIB (?C?LSTIDATA)
  C:\KEIL\C51\LIB\C51S.LIB (?C?LSTPDATA)
  C:\KEIL\C51\LIB\C51S.LIB (?C?LSTKIDATA)
  C:\KEIL\C51\LIB\C51S.LIB (?C?LSTKPDATA)
  C:\KEIL\C51\LIB\C51S.LIB (?C?PLDIDATA)
  C:\KEIL\C51\LIB\C51S.LIB (?C?PLDIIDATA)
  C:\KEIL\C51\LIB\C51S.LIB (?C?PSTIDATA)
  C:\KEIL\C51\LIB\C51S.LIB (?C?PLDXDATA)
  C:\KEIL\C51\LIB\C51S.LIB (?C?PLDIXDATA)
  C:\KEIL\C51\LIB\C51S.LIB (?C?PSTXDATA)
  C:\KEIL\C51\LIB\C51S.LIB (?C?PLDPDATA)
  C:\KEIL\C51\LIB\C51S.LIB (?C?PLDIPDATA)
  C:\KEIL\C51\LIB\C51S.LIB (?C?PSTPDATA)
  C:\KEIL\C51\LIB\C51S.LIB (?C?PLDCODE)


LINK MAP OF MODULE:  .\obj\WTS125_M (?C_STARTUP)


            TYPE    BASE      LENGTH    RELOCATION   SEGMENT NAME
            -----------------------------------------------------

            * * * * * * *   D A T A   M E M O R Y   * * * * * * *
BL51 BANKED LINKER/LOCATER V6.22                                                      06/27/2018  11:39:01  PAGE 3


            REG     0000H     0008H     ABSOLUTE     "REG BANK 0"
            DATA    0008H     000AH     UNIT         ?DT?SEND
            DATA    0012H     0004H     UNIT         ?DT?CMDSUB
            DATA    0016H     0002H     UNIT         ?DT?CALMCUT
            DATA    0018H     0001H     UNIT         ?DT?TIMER
            IDATA   0019H     0003H     UNIT         ?ID?ADCDRV
                    001CH     0004H                  *** GAP ***
            BIT     0020H.0   0000H.2   UNIT         ?BI?COMM
            BIT     0020H.2   0000H.2   UNIT         _BIT_GROUP_
                    0020H.4   0000H.4                *** GAP ***
            DATA    0021H     0055H     UNIT         _DATA_GROUP_
            IDATA   0076H     0001H     UNIT         ?STACK

            * * * * * * *  X D A T A   M E M O R Y  * * * * * * *
            XDATA   0000H     04B3H     UNIT         ?XD?CALIBRATION
            XDATA   04B3H     0200H     UNIT         ?XD?FLASH
            XDATA   06B3H     01A3H     UNIT         ?XD?COMM
            XDATA   0856H     019EH     UNIT         ?XD?ADCDRV
            XDATA   09F4H     00F1H     UNIT         ?XD?CALMCUT
            XDATA   0AE5H     00C9H     UNIT         ?XD?SEND
            XDATA   0BAEH     0041H     UNIT         ?XD?SENSOR
            XDATA   0BEFH     0038H     UNIT         ?XD?ANGAPP
            XDATA   0C27H     001CH     UNIT         ?XD?COMPASS
            XDATA   0C43H     001CH     UNIT         ?XD?MAIN
            XDATA   0C5FH     0018H     UNIT         ?XD?CMDSUB
            XDATA   0C77H     0014H     UNIT         _XDATA_GROUP_
            XDATA   0C8BH     0010H     UNIT         ?XD?MODBUSRTU
            XDATA   0C9BH     000AH     UNIT         ?XD?INIT
            XDATA   0CA5H     0002H     UNIT         ?XD?TIMER
            XDATA   0CA7H     0001H     UNIT         ?XD?KEY

            * * * * * * *   C O D E   M E M O R Y   * * * * * * *
            CODE    0000H     0003H     ABSOLUTE     
            CODE    0003H     0020H     UNIT         ?PR?_SEND_TDEAL?SEND
            CODE    0023H     0003H     ABSOLUTE     
            CODE    0026H     0004H     UNIT         ?PR?ADC_ENABLE?ADCDRV
                    002AH     0001H                  *** GAP ***
            CODE    002BH     0003H     ABSOLUTE     
            CODE    002EH     001DH     UNIT         ?PR?COMM_TIMERPROC?COMM
            CODE    004BH     0003H     ABSOLUTE     
            CODE    004EH     0B8BH     UNIT         ?C?LIB_CODE
            CODE    0BD9H     0B20H     UNIT         ?PR?_MODRTU_RDVAL?MODBUSRTU
            CODE    16F9H     0783H     UNIT         ?PR?_MODRTU_WRVAL?MODBUSRTU
            CODE    1E7CH     05E2H     UNIT         ?PR?_SEND_SDEAL?SEND
            CODE    245EH     0449H     UNIT         ?PR?_RAM_CALDATA2BUF?FLASH
            CODE    28A7H     03C2H     UNIT         ?PR?_RAM_BUF2CALDATA?FLASH
            CODE    2C69H     02BFH     UNIT         ?PR?_CUSTOMPRO?MODBUSRTU
            CODE    2F28H     0200H     UNIT         ?CO?MODBUSCRC
            CODE    3128H     01CBH     UNIT         ?PR?COMP_ANGCNTPROC?COMPASS
            CODE    32F3H     01BEH     UNIT         ?CO?SEND
            CODE    34B1H     01B9H     UNIT         ?PR?COMP_CALPRMTCNT?COMPASS
            CODE    366AH     01B6H     UNIT         ?PR?_SUB_STR2INT32S?SUB
            CODE    3820H     0184H     UNIT         ?PR?_ANG_CALCPRM?CALIBRATION
            CODE    39A4H     016EH     UNIT         ?PR?SIN?SIN
            CODE    3B12H     016BH     UNIT         ?PR?_MCUT_CALCPRM?CALMCUT
            CODE    3C7DH     0165H     UNIT         ?PR?_SEND_CDEAL?SEND
            CODE    3DE2H     015FH     UNIT         ?PR?_COMP_ADCCORRECTS?COMPASS
BL51 BANKED LINKER/LOCATER V6.22                                                      06/27/2018  11:39:01  PAGE 4


            CODE    3F41H     015FH     UNIT         ?PR?_SUB_INT32S2STR?SUB
            CODE    40A0H     0146H     UNIT         ?PR?_SEND_RDEAL?SEND
            CODE    41E6H     013CH     UNIT         ?PR?SEND_TIMEPROC?SEND
            CODE    4322H     0130H     UNIT         ?PR?_TEMP_CALCPRM?CALIBRATION
            CODE    4452H     0128H     UNIT         ?PR?ATAN?ATAN
            CODE    457AH     011BH     UNIT         ?PR?ANGCALDATAINIT?CALIBRATION
            CODE    4695H     0118H     UNIT         ?PR?_INT32S2VAL?MODBUSRTU
            CODE    47ADH     0115H     UNIT         ?PR?CALIBINIT?CALIBRATION
            CODE    48C2H     0112H     UNIT         ?PR?FLASH_CALDATAINIT?FLASH
            CODE    49D4H     010BH     UNIT         ?PR?COMP_CALSAMPPROC?COMPASS
            CODE    4ADFH     0108H     UNIT         ?PR?_COMP_MIDFILTER?COMPASS
            CODE    4BE7H     0107H     UNIT         ?PR?_TEMP_CALTREFSET?CMDSUB
            CODE    4CEEH     0103H     UNIT         ?PR?_MODRTU_WRREG?MODBUSRTU
            CODE    4DF1H     0100H     UNIT         ?PR?_SEND_WDEAL?SEND
            CODE    4EF1H     00F0H     UNIT         ?PR?MTCALDATAINIT?CALMCUT
            CODE    4FE1H     00EDH     UNIT         ?PR?_MODRTU_RDREG?MODBUSRTU
            CODE    50CEH     00D9H     UNIT         ?PR?_SLIDEWINFILTER?FILTER
            CODE    51A7H     00D8H     UNIT         ?PR?_PANGCALC?ANGAPP
            CODE    527FH     00D4H     UNIT         ?PR?_SUB_SENDTEMPCAL?SUB
            CODE    5353H     00BFH     UNIT         ?PR?_SUB_STR2INT16U?SUB
            CODE    5412H     00B7H     UNIT         ?PR?_GETOFFSET?SENSOR
            CODE    54C9H     00B0H     UNIT         ?PR?_SUB_INT16U2STR?SUB
            CODE    5579H     00AAH     UNIT         ?PR?SQRT?SQRT
            CODE    5623H     00A7H     UNIT         ?PR?_ANG_CALC?SENSOR
            CODE    56CAH     00A5H     UNIT         ?PR?_COMM_GETTXCHAR?COMM
            CODE    576FH     00A5H     UNIT         ?PR?_GETANGCALCVAL?SENSOR
            CODE    5814H     00A4H     UNIT         ?PR?ADC_ISR?ADCDRV
            CODE    58B8H     00A4H     UNIT         ?PR?_COMM_GETCHAR?COMM
            CODE    595CH     0097H     UNIT         ?PR?ADC_XCALSTOP?CMDSUB
            CODE    59F3H     0097H     UNIT         ?PR?ADC_YCALSTOP?CMDSUB
            CODE    5A8AH     0092H     UNIT         ?PR?SNPROC?SENSOR
            CODE    5B1CH     008FH     UNIT         ?PR?COMM_SOFTWAREINIT?COMM
            CODE    5BABH     008DH     UNIT         ?PR?_FLOATTOINT?MODBUSRTU
            CODE    5C38H     008CH     UNIT         ?C_C51STARTUP
            CODE    5CC4H     008CH     UNIT         ?PR?_COMM_PUTCHAR?COMM
            CODE    5D50H     0085H     UNIT         ?PR?_ADCFILTER?ADCDRV
            CODE    5DD5H     0085H     UNIT         ?PR?_TEMP_CALVALWR?CMDSUB
            CODE    5E5AH     0084H     UNIT         ?PR?_COMM_PUTRXCHAR?COMM
            CODE    5EDEH     0084H     UNIT         ?PR?SNINIT?SENSOR
            CODE    5F62H     0080H     UNIT         ?PR?TEMPSORTANDCALCPRM?CMDSUB
            CODE    5FE2H     0080H     UNIT         ?PR?_SNFILTER?SENSOR
            CODE    6062H     007FH     UNIT         ?PR?_ADC_SAVEANDSWITCH?ADCDRV
            CODE    60E1H     007BH     UNIT         ?PR?_SUB_SENDMCUTEMPCAL?SUB
            CODE    615CH     0078H     UNIT         ?PR?ANGINIT?ANGAPP
            CODE    61D4H     0075H     UNIT         ?PR?_SUB_BUFBUBBLE16U?SUB
            CODE    6249H     0072H     UNIT         ?PR?COMM_ISR?COMM
            CODE    62BBH     0071H     UNIT         ?PR?TEMPCALDATAINIT?CALIBRATION
            CODE    632CH     0071H     UNIT         ?PR?GET_MCUTEMPINCELSIUS?SENSOR
            CODE    639DH     006FH     UNIT         ?PR?_STRNCMP?STRNCMP
            CODE    640CH     006DH     UNIT         ?PR?SUB_SENDPRMTALL?SUB
            CODE    6479H     006DH     UNIT         ?PR?_SUB_BUFBUBBLE16S?SUB
            CODE    64E6H     006AH     UNIT         ?PR?_FLASH_BUFWR?FLASH
            CODE    6550H     0069H     UNIT         ?PR?_SN_DATAINIT?SENSOR
            CODE    65B9H     0069H     UNIT         ?PR?_SUB_BUFBUBBLE32S?SUB
            CODE    6622H     0066H     UNIT         ?PR?_TEMP_CALSAMP?CMDSUB
            CODE    6688H     0065H     UNIT         ?PR?_SEND_UDEAL?SEND
            CODE    66EDH     0061H     UNIT         ?PR?SUB_SENDTCALTEST?SUB
BL51 BANKED LINKER/LOCATER V6.22                                                      06/27/2018  11:39:01  PAGE 5


            CODE    674EH     005EH     UNIT         ?CO?SUB
            CODE    67ACH     005DH     UNIT         ?PR?_FILTER_1ST?FILTER
            CODE    6809H     005CH     UNIT         ?PR?_FLASH_BUFRD?FLASH
            CODE    6865H     005BH     UNIT         ?PR?FLASH_CALDATAUPDATE?FLASH
            CODE    68C0H     005AH     UNIT         ?PR?_CHKCODE?MODBUSRTU
            CODE    691AH     005AH     UNIT         ?PR?_SUB_STR2INT16S?SUB
            CODE    6974H     0056H     UNIT         ?PR?FLASHAREA_USER?FLASH
            CODE    69CAH     0056H     UNIT         ?PR?_SUB_SBUFSWITCH?SUB
            CODE    6A20H     0055H     UNIT         ?PR?INIT_SYSTEMPARA?INIT
            CODE    6A75H     0052H     UNIT         ?PR?_STRNCPY?STRNCPY
            CODE    6AC7H     004FH     UNIT         ?PR?_FLASH_CALDATAUPDATE_USER?FLASH
            CODE    6B16H     004DH     UNIT         ?PR?ADCENTITYINIT?ADCDRV
            CODE    6B63H     004DH     UNIT         ?PR?CALIBMTINIT?CALMCUT
            CODE    6BB0H     004DH     UNIT         ?PR?_MCUT_CALVALWR?CALMCUT
            CODE    6BFDH     004CH     UNIT         ?PR?_SUB_16SBUFSWITCH?SUB
            CODE    6C49H     004CH     UNIT         ?PR?_SUB_UBUFSWITCH?SUB
            CODE    6C95H     0046H     UNIT         ?PR?GETXANGALLSETVAL?ANGAPP
            CODE    6CDBH     0046H     UNIT         ?PR?GETYANGALLSETVAL?ANGAPP
            CODE    6D21H     0045H     UNIT         ?PR?_MODRTU_RLYERROR?MODBUSRTU
            CODE    6D66H     0045H     UNIT         ?PR?_SUB_SENDADCTXY?SUB
            CODE    6DABH     0044H     UNIT         ?PR?FLASH_COMPDATAINIT?FLASH
            CODE    6DEFH     0044H     UNIT         ?C?LDIV
            CODE    6E33H     0043H     UNIT         ?PR?_SUMCHK?MODBUSRTU
            CODE    6E76H     0042H     UNIT         ?PR?COMP_SPIBYTEGET?COMPASS
            CODE    6EB8H     003EH     UNIT         ?PR?MCUTCALCPRM?CALMCUT
            CODE    6EF6H     003DH     UNIT         ?PR?TIMER2_INIT?TIMER
            CODE    6F33H     003DH     UNIT         ?PR?TIMER2_ISR?TIMER
            CODE    6F70H     003CH     UNIT         ?PR?COMP_CALDATAINIT?COMPASS
            CODE    6FACH     003CH     UNIT         ?PR?_FLASH_CHECKSUM?FLASH
            CODE    6FE8H     003CH     UNIT         ?PR?MAIN?MAIN
            CODE    7024H     003CH     UNIT         ?PR?_MODRTU_RXPROC?MODBUSRTU
            CODE    7060H     003CH     UNIT         ?PR?_SUB_STR2INT8U?SUB
            CODE    709CH     003CH     UNIT         ?PR?TIMER2_TASKINISR?TIMER
            CODE    70D8H     003BH     UNIT         ?PR?ASIN?ASIN
            CODE    7113H     003AH     UNIT         ?PR?_MODBUSCRCCNT?MODBUSCRC
            CODE    714DH     0036H     UNIT         ?PR?GETANGP?ANGAPP
            CODE    7183H     0036H     UNIT         ?PR?SUB_SENDANGXYP?SUB
            CODE    71B9H     0033H     UNIT         ?C_INITSEG
            CODE    71ECH     0033H     UNIT         ?PR?_MODRTU_SETZERO?MODBUSRTU
            CODE    721FH     0032H     UNIT         ?PR?_FLASHUPDATE?FLASH
            CODE    7251H     0032H     UNIT         ?PR?_COMM_PUTINT16S?SUB
            CODE    7283H     002FH     UNIT         ?PR?COMP_CALINIT?COMPASS
            CODE    72B2H     002FH     UNIT         ?PR?RAM_CALDATAINIT_USER?FLASH
            CODE    72E1H     002FH     UNIT         ?PR?_SUB_SENDMCUT?SUB
            CODE    7310H     002EH     UNIT         ?PR?ADC_SETINIT?ADCDRV
            CODE    733EH     002CH     UNIT         ?PR?_SETANGZERO?ANGAPP
            CODE    736AH     002AH     UNIT         ?PR?_COMP_GETADC?COMPASS
            CODE    7394H     0029H     UNIT         ?PR?_SETANGZEROADD?ANGAPP
            CODE    73BDH     0029H     UNIT         ?PR?_FLASH_PAGEERASE?FLASH
            CODE    73E6H     0028H     UNIT         ?PR?_MODRTU_WRADDR?MODBUSRTU
            CODE    740EH     0026H     UNIT         ?PR?_COMM_PUTSTR?COMM
            CODE    7434H     0026H     UNIT         ?PR?SYS_PORTINIT?INIT
            CODE    745AH     0025H     UNIT         ?PR?_MODRTU_WRBAUD?MODBUSRTU
            CODE    747FH     0025H     UNIT         ?PR?SUB_SENDANGXY?SUB
            CODE    74A4H     0024H     UNIT         ?PR?COMM_HARDWAREINIT?COMM
            CODE    74C8H     0024H     UNIT         ?PR?_VALINRANGE?FILTER
            CODE    74ECH     0023H     UNIT         ?PR?_COMP_SPIBYTESEND?COMPASS
BL51 BANKED LINKER/LOCATER V6.22                                                      06/27/2018  11:39:01  PAGE 6


            CODE    750FH     0022H     UNIT         ?PR?_SUB_INT16S2STR?SUB
            CODE    7531H     0021H     UNIT         ?PR?INIT_ALL?INIT
            CODE    7552H     0021H     UNIT         ?PR?_MODRTU_WR16U?MODBUSRTU
            CODE    7573H     0021H     UNIT         ?PR?_SUB_STR2INT8S?SUB
            CODE    7594H     0020H     UNIT         ?PR?_SUB_INT8U2STR?SUB
            CODE    75B4H     001EH     UNIT         ?PR?_MCUT_CALSAMP?CALMCUT
            CODE    75D2H     001BH     UNIT         ?PR?SNXDATAINIT?SENSOR
            CODE    75EDH     001BH     UNIT         ?PR?SNYDATAINIT?SENSOR
            CODE    7608H     001AH     UNIT         ?CO?ADCDRV
            CODE    7622H     0019H     UNIT         ?PR?SYS_CLKINIT?INIT
            CODE    763BH     0019H     UNIT         ?PR?SUB_SENDSYSNUM?SUB
            CODE    7654H     0018H     UNIT         ?PR?FLASH_USERDATAUPDATE?FLASH
            CODE    766CH     0018H     UNIT         ?PR?_COMM_PUTINT16U?SUB
            CODE    7684H     0017H     UNIT         ?PR?_TEMP_RDTEMPVAL?CALIBRATION
            CODE    769BH     0017H     UNIT         ?PR?_TEMP_WRTEMPVAL?CALIBRATION
            CODE    76B2H     0017H     UNIT         ?PR?_MCUT_RDADCVAL?CALMCUT
            CODE    76C9H     0017H     UNIT         ?PR?_MCUT_WRADCVAL?CALMCUT
            CODE    76E0H     0017H     UNIT         ?PR?_DELAY_MS?DELAY
            CODE    76F7H     0016H     UNIT         ?PR?TEMP_CALSTOP?CMDSUB
            CODE    770DH     0016H     UNIT         ?PR?_MODRTU_CHKCRC?MODBUSRTU
            CODE    7723H     0016H     UNIT         ?PR?_COMM_PUTINT8U?SUB
            CODE    7739H     0015H     UNIT         ?PR?_SETTEMPXCALTEMPVAL?CALIBRATION
            CODE    774EH     0015H     UNIT         ?PR?_SETTEMPYCALTEMPVAL?CALIBRATION
            CODE    7763H     0015H     UNIT         ?PR?_SETTEMPXCALADCVAL?CALIBRATION
            CODE    7778H     0015H     UNIT         ?PR?_SETANGXCALADCVAL?CALIBRATION
            CODE    778DH     0015H     UNIT         ?PR?_SETTEMPYCALADCVAL?CALIBRATION
            CODE    77A2H     0015H     UNIT         ?PR?_SETANGYCALADCVAL?CALIBRATION
            CODE    77B7H     0015H     UNIT         ?PR?_SETMCUTCALTEMPVAL?CALMCUT
            CODE    77CCH     0015H     UNIT         ?PR?_SETMCUTCALADCVAL?CALMCUT
            CODE    77E1H     0014H     UNIT         ?PR?_COMM_PUTINT32S?SUB
            CODE    77F5H     0012H     UNIT         ?PR?TEMP_CALSTA?CMDSUB
            CODE    7807H     0012H     UNIT         ?PR?_SNXFILTER?SENSOR
            CODE    7819H     0012H     UNIT         ?PR?_SNYFILTER?SENSOR
            CODE    782BH     0012H     UNIT         ?PR?TIMER2_TASKINMAIN?TIMER
            CODE    783DH     0011H     UNIT         ?PR?_TEMP_RDADCVAL?CALIBRATION
            CODE    784EH     0011H     UNIT         ?PR?_TEMP_WRADCVAL?CALIBRATION
            CODE    785FH     0011H     UNIT         ?PR?_ANG_RDADCVAL?CALIBRATION
            CODE    7870H     0011H     UNIT         ?PR?_ANG_WRADCVAL?CALIBRATION
            CODE    7881H     0011H     UNIT         ?PR?_MCUT_RDTEMPVAL?CALMCUT
            CODE    7892H     0011H     UNIT         ?PR?_MCUT_WRTEMPVAL?CALMCUT
            CODE    78A3H     0011H     UNIT         ?PR?GET_MCUTEMP?SENSOR
            CODE    78B4H     0010H     UNIT         ?PR?_MCUT_SET?CMDSUB
            CODE    78C4H     000FH     UNIT         ?PR?GETANGXSYSZERO?ANGAPP
            CODE    78D3H     000FH     UNIT         ?PR?GETANGYSYSZERO?ANGAPP
            CODE    78E2H     000FH     UNIT         ?PR?GETANGXUSRZERO?ANGAPP
            CODE    78F1H     000FH     UNIT         ?PR?GETANGYUSRZERO?ANGAPP
            CODE    7900H     000FH     UNIT         ?PR?GETANGXINST?ANGAPP
            CODE    790FH     000FH     UNIT         ?PR?GETANGYINST?ANGAPP
            CODE    791EH     000FH     UNIT         ?PR?GETANGXSET?ANGAPP
            CODE    792DH     000FH     UNIT         ?PR?GETANGYSET?ANGAPP
            CODE    793CH     000FH     UNIT         ?PR?GETANGPSET?ANGAPP
            CODE    794BH     000FH     UNIT         ?PR?GETANGXZEROUSR?ANGAPP
            CODE    795AH     000FH     UNIT         ?PR?GETANGYZEROUSR?ANGAPP
            CODE    7969H     000FH     UNIT         ?PR?GETANGXRELSYS?ANGAPP
            CODE    7978H     000FH     UNIT         ?PR?GETANGYRELSYS?ANGAPP
            CODE    7987H     000FH     UNIT         ?PR?DELAY_100US?DELAY
            CODE    7996H     000FH     UNIT         ?PR?GETXANG?SENSOR
BL51 BANKED LINKER/LOCATER V6.22                                                      06/27/2018  11:39:01  PAGE 7


            CODE    79A5H     000FH     UNIT         ?PR?GETYANG?SENSOR
            CODE    79B4H     000EH     UNIT         ?PR?_ANG_RDANGVAL?CALIBRATION
            CODE    79C2H     000EH     UNIT         ?PR?_ANG_WRANGVAL?CALIBRATION
            CODE    79D0H     000EH     UNIT         ?PR?FLASHCHK?FLASH
            CODE    79DEH     000EH     UNIT         ?PR?SUB_SENDOK?SUB
            CODE    79ECH     000EH     UNIT         ?PR?SUB_SENDERR?SUB
            CODE    79FAH     000EH     UNIT         ?PR?SUB_SENDSOFTVER?SUB
            CODE    7A08H     000DH     UNIT         ?PR?_MODRTU_RD16U?MODBUSRTU
            CODE    7A15H     000DH     UNIT         ?PR?COMM_PUTNEWLINESTA?SUB
            CODE    7A22H     000CH     UNIT         ?PR?ADC_INIT?ADCDRV
            CODE    7A2EH     000CH     UNIT         ?PR?_GETTEMPXCALTEMPVAL?CALIBRATION
            CODE    7A3AH     000CH     UNIT         ?PR?_GETANGXCALANGVAL?CALIBRATION
            CODE    7A46H     000CH     UNIT         ?PR?_GETTEMPYCALTEMPVAL?CALIBRATION
            CODE    7A52H     000CH     UNIT         ?PR?_GETANGYCALANGVAL?CALIBRATION
            CODE    7A5EH     000CH     UNIT         ?PR?_GETTEMPXCALADCVAL?CALIBRATION
            CODE    7A6AH     000CH     UNIT         ?PR?_GETANGXCALADCVAL?CALIBRATION
            CODE    7A76H     000CH     UNIT         ?PR?_GETTEMPYCALADCVAL?CALIBRATION
            CODE    7A82H     000CH     UNIT         ?PR?_GETANGYCALADCVAL?CALIBRATION
            CODE    7A8EH     000CH     UNIT         ?PR?_SETANGXCALANGVAL?CALIBRATION
            CODE    7A9AH     000CH     UNIT         ?PR?_SETANGYCALANGVAL?CALIBRATION
            CODE    7AA6H     000CH     UNIT         ?PR?_GETMCUTCALTEMPVAL?CALMCUT
            CODE    7AB2H     000CH     UNIT         ?PR?_GETMCUTCALADCVAL?CALMCUT
            CODE    7ABEH     000CH     UNIT         ?PR?_MODRTU_8TO16?MODBUSRTU
            CODE    7ACAH     000BH     UNIT         ?PR?_SETTEMPXCALCNT?CALIBRATION
            CODE    7AD5H     000BH     UNIT         ?PR?_SETANGXCALCNT?CALIBRATION
            CODE    7AE0H     000BH     UNIT         ?PR?_SETTEMPYCALCNT?CALIBRATION
            CODE    7AEBH     000BH     UNIT         ?PR?_SETANGYCALCNT?CALIBRATION
            CODE    7AF6H     000BH     UNIT         ?PR?_SETMCUTCALCNT?CALMCUT
            CODE    7B01H     000BH     UNIT         ?PR?COMP_SPISTA?COMPASS
            CODE    7B0CH     000BH     UNIT         ?PR?_MODRTU_WRCRC?MODBUSRTU
            CODE    7B17H     000BH     UNIT         ?PR?SUB_SYSRST?SUB
            CODE    7B22H     000AH     UNIT         ?PR?COMM_TIMERINIT?COMM
            CODE    7B2CH     000AH     UNIT         ?PR?DELAY_MS_?DELAY
            CODE    7B36H     0009H     UNIT         ?PR?ADC_GETXVAL?ADCDRV
            CODE    7B3FH     0009H     UNIT         ?PR?ADC_GETYVAL?ADCDRV
            CODE    7B48H     0009H     UNIT         ?PR?ADC_GETTEMP?ADCDRV
            CODE    7B51H     0009H     UNIT         ?PR?TEMPXCALCPRM?CALIBRATION
            CODE    7B5AH     0009H     UNIT         ?PR?TEMPYCALCPRM?CALIBRATION
            CODE    7B63H     0009H     UNIT         ?PR?ANGXCALCPRM?CALIBRATION
            CODE    7B6CH     0009H     UNIT         ?PR?ANGYCALCPRM?CALIBRATION
            CODE    7B75H     0009H     UNIT         ?PR?COMP_HARDWAREINIT?COMPASS
            CODE    7B7EH     0009H     UNIT         ?PR?RAM_CALDATAINIT?FLASH
            CODE    7B87H     0009H     UNIT         ?PR?ANGXCALC?SENSOR
            CODE    7B90H     0009H     UNIT         ?PR?ANGYCALC?SENSOR
            CODE    7B99H     0009H     UNIT         ?PR?GETXFTVAL?SENSOR
            CODE    7BA2H     0009H     UNIT         ?PR?GETYFTVAL?SENSOR
            CODE    7BABH     0009H     UNIT         ?PR?GETXOFTVAL?SENSOR
            CODE    7BB4H     0009H     UNIT         ?PR?GETYOFTVAL?SENSOR
            CODE    7BBDH     0008H     UNIT         ?PR?_SETTEMPCALCNT?CALIBRATION
            CODE    7BC5H     0008H     UNIT         ?PR?_SETANGCALCNT?CALIBRATION
            CODE    7BCDH     0008H     UNIT         ?PR?_GETXOFFSET?SENSOR
            CODE    7BD5H     0008H     UNIT         ?PR?_GETYOFFSET?SENSOR
            CODE    7BDDH     0007H     UNIT         ?PR?MAIN_TEMP?MAIN
            CODE    7BE4H     0006H     UNIT         ?PR?_SETANGXSYSZERO?ANGAPP
            CODE    7BEAH     0006H     UNIT         ?PR?_SETANGYSYSZERO?ANGAPP
            CODE    7BF0H     0006H     UNIT         ?PR?_SETANGXUSRZERO?ANGAPP
            CODE    7BF6H     0006H     UNIT         ?PR?_SETANGYUSRZERO?ANGAPP
BL51 BANKED LINKER/LOCATER V6.22                                                      06/27/2018  11:39:01  PAGE 8


            CODE    7BFCH     0006H     UNIT         ?PR?_SETANGXINST?ANGAPP
            CODE    7C02H     0006H     UNIT         ?PR?_SETANGYINST?ANGAPP
            CODE    7C08H     0006H     UNIT         ?PR?GETTEMPXCALCNT?CALIBRATION
            CODE    7C0EH     0006H     UNIT         ?PR?GETANGXCALCNT?CALIBRATION
            CODE    7C14H     0006H     UNIT         ?PR?GETANGYCALCNT?CALIBRATION
            CODE    7C1AH     0006H     UNIT         ?PR?GETMCUTCALCNT?CALMCUT
            CODE    7C20H     0006H     UNIT         ?PR?MCUT_CALSTOP?CALMCUT
            CODE    7C26H     0006H     UNIT         ?PR?COMM_SENDSTA?COMM
            CODE    7C2CH     0006H     UNIT         ?PR?COMP_SPIBUSYTEST?COMPASS
            CODE    7C32H     0006H     UNIT         ?PR?GETFILTERCNT?SENSOR
            CODE    7C38H     0006H     UNIT         ?PR?_SETFILTERCNT?SENSOR
            CODE    7C3EH     0004H     UNIT         ?PR?ADC_VREFINIT?ADCDRV
            CODE    7C42H     0004H     UNIT         ?PR?ADC_ISRINIT?ADCDRV
            CODE    7C46H     0004H     UNIT         ?PR?_TEMP_SETCALCNT?CALIBRATION
            CODE    7C4AH     0004H     UNIT         ?PR?_ANG_SETCALCNT?CALIBRATION
            CODE    7C4EH     0004H     UNIT         ?PR?_MCUT_SETCALCNT?CALMCUT
            CODE    7C52H     0004H     UNIT         ?PR?COMM_SENDSTOP?COMM
            CODE    7C56H     0003H     UNIT         ?PR?MCUT_CALSTA?CALMCUT
            CODE    7C59H     0003H     UNIT         ?PR?COMP_SPIEND?COMPASS



OVERLAY MAP OF MODULE:   .\obj\WTS125_M (?C_STARTUP)


SEGMENT                                        BIT_GROUP          DATA_GROUP          XDATA_GROUP
  +--> CALLED SEGMENT                       START    LENGTH     START    LENGTH     START    LENGTH
---------------------------------------------------------------------------------------------------
?C_C51STARTUP                               -----    -----      -----    -----      -----    -----
  +--> ?PR?MAIN?MAIN
  +--> ?C_INITSEG

?PR?MAIN?MAIN                               -----    -----      -----    -----      -----    -----
  +--> ?PR?INIT_ALL?INIT
  +--> ?PR?FLASH_CALDATAINIT?FLASH
  +--> ?PR?MAIN_TEMP?MAIN
  +--> ?PR?_DELAY_MS?DELAY
  +--> ?PR?SNPROC?SENSOR
  +--> ?PR?TIMER2_TASKINMAIN?TIMER
  +--> ?PR?SEND_TIMEPROC?SEND
  +--> ?PR?COMP_ANGCNTPROC?COMPASS
  +--> ?PR?COMP_CALSAMPPROC?COMPASS

?PR?INIT_ALL?INIT                           -----    -----      -----    -----      -----    -----
  +--> ?PR?SYS_PORTINIT?INIT
  +--> ?PR?SYS_CLKINIT?INIT
  +--> ?PR?COMM_HARDWAREINIT?COMM
  +--> ?PR?COMM_SOFTWAREINIT?COMM
  +--> ?PR?TIMER2_INIT?TIMER
  +--> ?PR?INIT_SYSTEMPARA?INIT
  +--> ?PR?ANGINIT?ANGAPP
  +--> ?PR?ADC_INIT?ADCDRV
  +--> ?PR?ADC_ENABLE?ADCDRV
  +--> ?PR?CALIBMTINIT?CALMCUT
  +--> ?PR?COMP_HARDWAREINIT?COMPASS

?PR?COMM_SOFTWAREINIT?COMM                  -----    -----      0021H    0003H      -----    -----
BL51 BANKED LINKER/LOCATER V6.22                                                      06/27/2018  11:39:01  PAGE 9



?PR?TIMER2_INIT?TIMER                       -----    -----      -----    -----      -----    -----
  +--> ?CO?SEND

?PR?INIT_SYSTEMPARA?INIT                    -----    -----      -----    -----      -----    -----
  +--> ?CO?SEND

?PR?ANGINIT?ANGAPP                          -----    -----      -----    -----      -----    -----
  +--> ?PR?SNINIT?SENSOR
  +--> ?PR?_SETANGXINST?ANGAPP
  +--> ?PR?_SETANGYINST?ANGAPP
  +--> ?PR?_SETANGXSYSZERO?ANGAPP
  +--> ?PR?_SETANGYSYSZERO?ANGAPP
  +--> ?PR?_SETANGXUSRZERO?ANGAPP
  +--> ?PR?_SETANGYUSRZERO?ANGAPP

?PR?SNINIT?SENSOR                           -----    -----      -----    -----      -----    -----
  +--> ?PR?CALIBINIT?CALIBRATION
  +--> ?PR?_SETFILTERCNT?SENSOR
  +--> ?PR?SNXDATAINIT?SENSOR
  +--> ?PR?_SNXFILTER?SENSOR
  +--> ?PR?_GETXOFFSET?SENSOR
  +--> ?PR?ANGXCALC?SENSOR
  +--> ?PR?SNYDATAINIT?SENSOR
  +--> ?PR?_SNYFILTER?SENSOR
  +--> ?PR?_GETYOFFSET?SENSOR
  +--> ?PR?ANGYCALC?SENSOR

?PR?CALIBINIT?CALIBRATION                   -----    -----      -----    -----      -----    -----
  +--> ?PR?_SETTEMPXCALCNT?CALIBRATION
  +--> ?PR?_GETTEMPXCALTEMPVAL?CALIBRATION
  +--> ?PR?_GETTEMPXCALADCVAL?CALIBRATION
  +--> ?PR?_SETTEMPXCALTEMPVAL?CALIBRATION
  +--> ?PR?_SETTEMPXCALADCVAL?CALIBRATION
  +--> ?PR?_SETTEMPYCALCNT?CALIBRATION
  +--> ?PR?_GETTEMPYCALTEMPVAL?CALIBRATION
  +--> ?PR?_GETTEMPYCALADCVAL?CALIBRATION
  +--> ?PR?_SETTEMPYCALTEMPVAL?CALIBRATION
  +--> ?PR?_SETTEMPYCALADCVAL?CALIBRATION
  +--> ?PR?_SETANGXCALCNT?CALIBRATION
  +--> ?PR?_GETANGXCALANGVAL?CALIBRATION
  +--> ?PR?_GETANGXCALADCVAL?CALIBRATION
  +--> ?PR?_SETANGXCALANGVAL?CALIBRATION
  +--> ?PR?_SETANGXCALADCVAL?CALIBRATION
  +--> ?PR?_SETANGYCALCNT?CALIBRATION
  +--> ?PR?_GETANGYCALANGVAL?CALIBRATION
  +--> ?PR?_GETANGYCALADCVAL?CALIBRATION
  +--> ?PR?_SETANGYCALANGVAL?CALIBRATION
  +--> ?PR?_SETANGYCALADCVAL?CALIBRATION

?PR?_SETTEMPXCALCNT?CALIBRATION             -----    -----      -----    -----      -----    -----
  +--> ?PR?_TEMP_SETCALCNT?CALIBRATION

?PR?_GETTEMPXCALTEMPVAL?CALIBRATION         -----    -----      -----    -----      -----    -----
  +--> ?PR?_TEMP_RDTEMPVAL?CALIBRATION

?PR?_GETTEMPXCALADCVAL?CALIBRATION          -----    -----      -----    -----      -----    -----
BL51 BANKED LINKER/LOCATER V6.22                                                      06/27/2018  11:39:01  PAGE 10


  +--> ?PR?_TEMP_RDADCVAL?CALIBRATION

?PR?_SETTEMPXCALTEMPVAL?CALIBRATION         -----    -----      -----    -----      -----    -----
  +--> ?PR?_TEMP_WRTEMPVAL?CALIBRATION

?PR?_TEMP_WRTEMPVAL?CALIBRATION             -----    -----      0029H    0006H      -----    -----

?PR?_SETTEMPXCALADCVAL?CALIBRATION          -----    -----      -----    -----      -----    -----
  +--> ?PR?_TEMP_WRADCVAL?CALIBRATION

?PR?_TEMP_WRADCVAL?CALIBRATION              -----    -----      0029H    0006H      -----    -----

?PR?_SETTEMPYCALCNT?CALIBRATION             -----    -----      -----    -----      -----    -----
  +--> ?PR?_TEMP_SETCALCNT?CALIBRATION

?PR?_GETTEMPYCALTEMPVAL?CALIBRATION         -----    -----      -----    -----      -----    -----
  +--> ?PR?_TEMP_RDTEMPVAL?CALIBRATION

?PR?_GETTEMPYCALADCVAL?CALIBRATION          -----    -----      -----    -----      -----    -----
  +--> ?PR?_TEMP_RDADCVAL?CALIBRATION

?PR?_SETTEMPYCALTEMPVAL?CALIBRATION         -----    -----      -----    -----      -----    -----
  +--> ?PR?_TEMP_WRTEMPVAL?CALIBRATION

?PR?_SETTEMPYCALADCVAL?CALIBRATION          -----    -----      -----    -----      -----    -----
  +--> ?PR?_TEMP_WRADCVAL?CALIBRATION

?PR?_SETANGXCALCNT?CALIBRATION              -----    -----      -----    -----      -----    -----
  +--> ?PR?_ANG_SETCALCNT?CALIBRATION

?PR?_GETANGXCALANGVAL?CALIBRATION           -----    -----      -----    -----      -----    -----
  +--> ?PR?_ANG_RDANGVAL?CALIBRATION

?PR?_GETANGXCALADCVAL?CALIBRATION           -----    -----      -----    -----      -----    -----
  +--> ?PR?_ANG_RDADCVAL?CALIBRATION

?PR?_SETANGXCALANGVAL?CALIBRATION           -----    -----      0039H    0005H      -----    -----
  +--> ?PR?_ANG_WRANGVAL?CALIBRATION

?PR?_ANG_WRANGVAL?CALIBRATION               -----    -----      003EH    0008H      -----    -----

?PR?_SETANGXCALADCVAL?CALIBRATION           -----    -----      -----    -----      -----    -----
  +--> ?PR?_ANG_WRADCVAL?CALIBRATION

?PR?_ANG_WRADCVAL?CALIBRATION               -----    -----      0039H    0006H      -----    -----

?PR?_SETANGYCALCNT?CALIBRATION              -----    -----      -----    -----      -----    -----
  +--> ?PR?_ANG_SETCALCNT?CALIBRATION

?PR?_GETANGYCALANGVAL?CALIBRATION           -----    -----      -----    -----      -----    -----
  +--> ?PR?_ANG_RDANGVAL?CALIBRATION

?PR?_GETANGYCALADCVAL?CALIBRATION           -----    -----      -----    -----      -----    -----
  +--> ?PR?_ANG_RDADCVAL?CALIBRATION

?PR?_SETANGYCALANGVAL?CALIBRATION           -----    -----      0039H    0005H      -----    -----
  +--> ?PR?_ANG_WRANGVAL?CALIBRATION
BL51 BANKED LINKER/LOCATER V6.22                                                      06/27/2018  11:39:01  PAGE 11



?PR?_SETANGYCALADCVAL?CALIBRATION           -----    -----      -----    -----      -----    -----
  +--> ?PR?_ANG_WRADCVAL?CALIBRATION

?PR?SNXDATAINIT?SENSOR                      -----    -----      -----    -----      -----    -----
  +--> ?PR?_SN_DATAINIT?SENSOR

?PR?_SN_DATAINIT?SENSOR                     -----    -----      0021H    0009H      -----    -----

?PR?_SNXFILTER?SENSOR                       -----    -----      -----    -----      -----    -----
  +--> ?PR?_SNFILTER?SENSOR

?PR?_SNFILTER?SENSOR                        -----    -----      0021H    0006H      -----    -----
  +--> ?PR?_VALINRANGE?FILTER
  +--> ?PR?_FILTER_1ST?FILTER

?PR?_FILTER_1ST?FILTER                      -----    -----      0027H    0007H      -----    -----

?PR?_GETXOFFSET?SENSOR                      -----    -----      -----    -----      -----    -----
  +--> ?PR?_GETOFFSET?SENSOR

?PR?_GETOFFSET?SENSOR                       -----    -----      0021H    0006H      -----    -----

?PR?ANGXCALC?SENSOR                         -----    -----      -----    -----      -----    -----
  +--> ?PR?_ANG_CALC?SENSOR

?PR?_ANG_CALC?SENSOR                        -----    -----      0021H    0007H      -----    -----
  +--> ?PR?_GETANGCALCVAL?SENSOR
  +--> ?PR?ASIN?ASIN

?PR?_GETANGCALCVAL?SENSOR                   -----    -----      0028H    0006H      -----    -----

?PR?ASIN?ASIN                               -----    -----      -----    -----      -----    -----
  +--> ?PR?SQRT?SQRT
  +--> ?PR?ATAN?ATAN

?PR?SQRT?SQRT                               -----    -----      004AH    0004H      -----    -----

?PR?ATAN?ATAN                               0020H.2  0000H.2    004AH    0004H      -----    -----

?PR?SNYDATAINIT?SENSOR                      -----    -----      -----    -----      -----    -----
  +--> ?PR?_SN_DATAINIT?SENSOR

?PR?_SNYFILTER?SENSOR                       -----    -----      -----    -----      -----    -----
  +--> ?PR?_SNFILTER?SENSOR

?PR?_GETYOFFSET?SENSOR                      -----    -----      -----    -----      -----    -----
  +--> ?PR?_GETOFFSET?SENSOR

?PR?ANGYCALC?SENSOR                         -----    -----      -----    -----      -----    -----
  +--> ?PR?_ANG_CALC?SENSOR

?PR?ADC_INIT?ADCDRV                         -----    -----      -----    -----      -----    -----
  +--> ?PR?ADC_SETINIT?ADCDRV
  +--> ?PR?ADC_VREFINIT?ADCDRV
  +--> ?PR?ADC_ISRINIT?ADCDRV
  +--> ?PR?ADCENTITYINIT?ADCDRV
BL51 BANKED LINKER/LOCATER V6.22                                                      06/27/2018  11:39:01  PAGE 12



?PR?CALIBMTINIT?CALMCUT                     -----    -----      -----    -----      -----    -----
  +--> ?PR?_SETMCUTCALCNT?CALMCUT
  +--> ?PR?_GETMCUTCALTEMPVAL?CALMCUT
  +--> ?PR?_GETMCUTCALADCVAL?CALMCUT
  +--> ?PR?_SETMCUTCALTEMPVAL?CALMCUT
  +--> ?PR?_SETMCUTCALADCVAL?CALMCUT

?PR?_SETMCUTCALCNT?CALMCUT                  -----    -----      -----    -----      -----    -----
  +--> ?PR?_MCUT_SETCALCNT?CALMCUT

?PR?_GETMCUTCALTEMPVAL?CALMCUT              -----    -----      -----    -----      -----    -----
  +--> ?PR?_MCUT_RDTEMPVAL?CALMCUT

?PR?_GETMCUTCALADCVAL?CALMCUT               -----    -----      -----    -----      -----    -----
  +--> ?PR?_MCUT_RDADCVAL?CALMCUT

?PR?_SETMCUTCALTEMPVAL?CALMCUT              -----    -----      -----    -----      -----    -----
  +--> ?PR?_MCUT_WRTEMPVAL?CALMCUT

?PR?_MCUT_WRTEMPVAL?CALMCUT                 -----    -----      0029H    0006H      -----    -----

?PR?_SETMCUTCALADCVAL?CALMCUT               -----    -----      -----    -----      -----    -----
  +--> ?PR?_MCUT_WRADCVAL?CALMCUT

?PR?_MCUT_WRADCVAL?CALMCUT                  -----    -----      0029H    0006H      -----    -----

?PR?FLASH_CALDATAINIT?FLASH                 -----    -----      0021H    0001H      -----    -----
  +--> ?PR?_FLASH_BUFRD?FLASH
  +--> ?PR?FLASHCHK?FLASH
  +--> ?PR?RAM_CALDATAINIT?FLASH
  +--> ?PR?FLASH_CALDATAUPDATE?FLASH
  +--> ?PR?_RAM_BUF2CALDATA?FLASH
  +--> ?PR?_FLASH_CHECKSUM?FLASH
  +--> ?PR?FLASHAREA_USER?FLASH
  +--> ?PR?_FLASH_CALDATAUPDATE_USER?FLASH
  +--> ?PR?FLASH_COMPDATAINIT?FLASH
  +--> ?PR?GETANGXCALCNT?CALIBRATION
  +--> ?PR?GETANGYCALCNT?CALIBRATION
  +--> ?PR?ADC_XCALSTOP?CMDSUB
  +--> ?PR?ADC_YCALSTOP?CMDSUB
  +--> ?PR?TEMP_CALSTOP?CMDSUB
  +--> ?PR?MCUT_CALSTOP?CALMCUT
  +--> ?CO?SEND

?PR?_FLASH_BUFRD?FLASH                      0020H.2  0000H.1    0023H    0009H      -----    -----

?PR?RAM_CALDATAINIT?FLASH                   -----    -----      -----    -----      -----    -----
  +--> ?PR?ANGCALDATAINIT?CALIBRATION
  +--> ?PR?TEMPCALDATAINIT?CALIBRATION
  +--> ?PR?MTCALDATAINIT?CALMCUT

?PR?ANGCALDATAINIT?CALIBRATION              -----    -----      -----    -----      -----    -----
  +--> ?PR?_SETANGCALCNT?CALIBRATION

?PR?_SETANGCALCNT?CALIBRATION               -----    -----      -----    -----      -----    -----
  +--> ?PR?_SETANGXCALCNT?CALIBRATION
BL51 BANKED LINKER/LOCATER V6.22                                                      06/27/2018  11:39:01  PAGE 13


  +--> ?PR?_SETANGYCALCNT?CALIBRATION

?PR?TEMPCALDATAINIT?CALIBRATION             -----    -----      0022H    0001H      -----    -----
  +--> ?PR?_SETTEMPCALCNT?CALIBRATION

?PR?_SETTEMPCALCNT?CALIBRATION              -----    -----      -----    -----      -----    -----
  +--> ?PR?_SETTEMPXCALCNT?CALIBRATION
  +--> ?PR?_SETTEMPYCALCNT?CALIBRATION

?PR?MTCALDATAINIT?CALMCUT                   -----    -----      0022H    0001H      -----    -----
  +--> ?PR?_SETMCUTCALCNT?CALMCUT

?PR?FLASH_CALDATAUPDATE?FLASH               -----    -----      -----    -----      -----    -----
  +--> ?PR?_RAM_CALDATA2BUF?FLASH
  +--> ?PR?_FLASHUPDATE?FLASH

?PR?_RAM_CALDATA2BUF?FLASH                  -----    -----      0042H    0006H      -----    -----
  +--> ?PR?_GETANGXCALANGVAL?CALIBRATION
  +--> ?PR?_GETANGYCALANGVAL?CALIBRATION
  +--> ?PR?_GETANGXCALADCVAL?CALIBRATION
  +--> ?PR?_GETANGYCALADCVAL?CALIBRATION
  +--> ?PR?_GETTEMPXCALTEMPVAL?CALIBRATION
  +--> ?PR?_GETTEMPXCALADCVAL?CALIBRATION
  +--> ?PR?_GETTEMPYCALADCVAL?CALIBRATION
  +--> ?PR?GETANGXCALCNT?CALIBRATION
  +--> ?PR?GETTEMPXCALCNT?CALIBRATION
  +--> ?PR?GETANGXSYSZERO?ANGAPP
  +--> ?PR?GETANGYSYSZERO?ANGAPP
  +--> ?PR?GETMCUTCALCNT?CALMCUT
  +--> ?PR?_GETMCUTCALTEMPVAL?CALMCUT
  +--> ?PR?_GETMCUTCALADCVAL?CALMCUT
  +--> ?PR?GETFILTERCNT?SENSOR
  +--> ?PR?GETANGXUSRZERO?ANGAPP
  +--> ?PR?GETANGYUSRZERO?ANGAPP
  +--> ?PR?GETANGXINST?ANGAPP
  +--> ?PR?GETANGYINST?ANGAPP
  +--> ?PR?GETANGXSET?ANGAPP
  +--> ?PR?GETANGYSET?ANGAPP
  +--> ?PR?GETANGPSET?ANGAPP
  +--> ?PR?_FLASH_CHECKSUM?FLASH

?PR?_FLASH_CHECKSUM?FLASH                   -----    -----      0048H    0005H      -----    -----

?PR?_FLASHUPDATE?FLASH                      0020H.2  0000H.1    0042H    0007H      -----    -----
  +--> ?PR?_FLASH_PAGEERASE?FLASH
  +--> ?PR?_DELAY_MS?DELAY
  +--> ?PR?_FLASH_BUFWR?FLASH

?PR?_FLASH_PAGEERASE?FLASH                  0020H.3  0000H.1    -----    -----      -----    -----

?PR?_DELAY_MS?DELAY                         -----    -----      -----    -----      -----    -----
  +--> ?PR?DELAY_MS_?DELAY

?PR?DELAY_MS_?DELAY                         -----    -----      -----    -----      -----    -----
  +--> ?PR?DELAY_100US?DELAY

?PR?_FLASH_BUFWR?FLASH                      0020H.3  0000H.1    0049H    000BH      -----    -----
BL51 BANKED LINKER/LOCATER V6.22                                                      06/27/2018  11:39:01  PAGE 14



?PR?_RAM_BUF2CALDATA?FLASH                  -----    -----      0023H    0006H      -----    -----
  +--> ?PR?_SETANGXCALANGVAL?CALIBRATION
  +--> ?PR?_SETANGYCALANGVAL?CALIBRATION
  +--> ?PR?_SETANGXCALADCVAL?CALIBRATION
  +--> ?PR?_SETANGYCALADCVAL?CALIBRATION
  +--> ?PR?_SETTEMPXCALTEMPVAL?CALIBRATION
  +--> ?PR?_SETTEMPXCALADCVAL?CALIBRATION
  +--> ?PR?_SETTEMPYCALADCVAL?CALIBRATION
  +--> ?PR?_SETANGCALCNT?CALIBRATION
  +--> ?PR?_SETTEMPCALCNT?CALIBRATION
  +--> ?PR?_SETANGXSYSZERO?ANGAPP
  +--> ?PR?_SETANGYSYSZERO?ANGAPP
  +--> ?PR?_SETMCUTCALCNT?CALMCUT
  +--> ?PR?_SETMCUTCALTEMPVAL?CALMCUT
  +--> ?PR?_SETMCUTCALADCVAL?CALMCUT
  +--> ?PR?_SETFILTERCNT?SENSOR
  +--> ?PR?_SETANGXUSRZERO?ANGAPP
  +--> ?PR?_SETANGYUSRZERO?ANGAPP
  +--> ?PR?_SETANGXINST?ANGAPP
  +--> ?PR?_SETANGYINST?ANGAPP

?PR?FLASHAREA_USER?FLASH                    -----    -----      -----    -----      -----    -----
  +--> ?PR?_FLASH_BUFRD?FLASH
  +--> ?PR?FLASHCHK?FLASH
  +--> ?PR?_FLASH_CHECKSUM?FLASH
  +--> ?PR?RAM_CALDATAINIT_USER?FLASH
  +--> ?PR?_FLASH_CALDATAUPDATE_USER?FLASH
  +--> ?PR?_RAM_BUF2CALDATA?FLASH

?PR?RAM_CALDATAINIT_USER?FLASH              -----    -----      -----    -----      -----    -----
  +--> ?PR?_SETANGXUSRZERO?ANGAPP
  +--> ?PR?_SETANGYUSRZERO?ANGAPP
  +--> ?PR?_SETANGXINST?ANGAPP
  +--> ?PR?_SETANGYINST?ANGAPP
  +--> ?PR?INIT_SYSTEMPARA?INIT

?PR?_FLASH_CALDATAUPDATE_USER?FLASH         -----    -----      0039H    0009H      -----    -----
  +--> ?PR?_RAM_CALDATA2BUF?FLASH
  +--> ?PR?_FLASHUPDATE?FLASH

?PR?FLASH_COMPDATAINIT?FLASH                -----    -----      0022H    0001H      -----    -----
  +--> ?PR?_FLASH_BUFRD?FLASH
  +--> ?PR?FLASHCHK?FLASH
  +--> ?PR?COMP_CALDATAINIT?COMPASS
  +--> ?PR?_RAM_CALDATA2BUF?FLASH
  +--> ?PR?_FLASHUPDATE?FLASH
  +--> ?PR?_RAM_BUF2CALDATA?FLASH

?PR?ADC_XCALSTOP?CMDSUB                     -----    -----      0022H    0001H      -----    -----
  +--> ?PR?_SUB_BUFBUBBLE32S?SUB
  +--> ?PR?ANGXCALCPRM?CALIBRATION

?PR?_SUB_BUFBUBBLE32S?SUB                   -----    -----      0023H    0009H      -----    -----
  +--> ?PR?_SUB_SBUFSWITCH?SUB
  +--> ?PR?_SUB_UBUFSWITCH?SUB

BL51 BANKED LINKER/LOCATER V6.22                                                      06/27/2018  11:39:01  PAGE 15


?PR?_SUB_SBUFSWITCH?SUB                     -----    -----      002CH    0009H      -----    -----

?PR?_SUB_UBUFSWITCH?SUB                     -----    -----      003DH    0007H      -----    -----

?PR?ANGXCALCPRM?CALIBRATION                 -----    -----      -----    -----      -----    -----
  +--> ?PR?_ANG_CALCPRM?CALIBRATION

?PR?_ANG_CALCPRM?CALIBRATION                -----    -----      0023H    000CH      -----    -----
  +--> ?PR?SIN?SIN

?PR?SIN?SIN                                 0020H.2  0000H.1    004AH    0004H      -----    -----

?PR?ADC_YCALSTOP?CMDSUB                     -----    -----      0022H    0001H      -----    -----
  +--> ?PR?_SUB_BUFBUBBLE32S?SUB
  +--> ?PR?ANGYCALCPRM?CALIBRATION

?PR?ANGYCALCPRM?CALIBRATION                 -----    -----      -----    -----      -----    -----
  +--> ?PR?_ANG_CALCPRM?CALIBRATION

?PR?TEMP_CALSTOP?CMDSUB                     -----    -----      -----    -----      -----    -----
  +--> ?PR?TEMPSORTANDCALCPRM?CMDSUB

?PR?TEMPSORTANDCALCPRM?CMDSUB               -----    -----      -----    -----      -----    -----
  +--> ?PR?_SUB_BUFBUBBLE16U?SUB
  +--> ?PR?TEMPXCALCPRM?CALIBRATION
  +--> ?PR?TEMPYCALCPRM?CALIBRATION

?PR?_SUB_BUFBUBBLE16U?SUB                   -----    -----      0031H    000CH      -----    -----
  +--> ?PR?_SUB_UBUFSWITCH?SUB
  +--> ?PR?_SUB_16SBUFSWITCH?SUB

?PR?_SUB_16SBUFSWITCH?SUB                   -----    -----      003DH    0007H      -----    -----

?PR?TEMPXCALCPRM?CALIBRATION                -----    -----      -----    -----      -----    -----
  +--> ?PR?_TEMP_CALCPRM?CALIBRATION

?PR?_TEMP_CALCPRM?CALIBRATION               -----    -----      0031H    0004H      -----    -----

?PR?TEMPYCALCPRM?CALIBRATION                -----    -----      -----    -----      -----    -----
  +--> ?PR?_TEMP_CALCPRM?CALIBRATION

?PR?MCUT_CALSTOP?CALMCUT                    -----    -----      -----    -----      -----    -----
  +--> ?PR?MCUTCALCPRM?CALMCUT

?PR?MCUTCALCPRM?CALMCUT                     -----    -----      -----    -----      -----    -----
  +--> ?PR?_SUB_BUFBUBBLE16S?SUB
  +--> ?PR?_MCUT_CALCPRM?CALMCUT

?PR?_SUB_BUFBUBBLE16S?SUB                   -----    -----      0025H    0009H      -----    -----
  +--> ?PR?_SUB_16SBUFSWITCH?SUB
  +--> ?PR?_SUB_UBUFSWITCH?SUB

?PR?_MCUT_CALCPRM?CALMCUT                   -----    -----      0025H    0008H      -----    -----

?PR?SNPROC?SENSOR                           -----    -----      -----    -----      -----    -----
  +--> ?PR?ADC_GETXVAL?ADCDRV
  +--> ?PR?GET_MCUTEMP?SENSOR
BL51 BANKED LINKER/LOCATER V6.22                                                      06/27/2018  11:39:01  PAGE 16


  +--> ?PR?ADC_GETYVAL?ADCDRV

?PR?GET_MCUTEMP?SENSOR                      -----    -----      -----    -----      -----    -----
  +--> ?PR?ADC_GETTEMP?ADCDRV

?PR?TIMER2_TASKINMAIN?TIMER                 -----    -----      -----    -----      -----    -----
  +--> ?PR?SUB_SENDANGXY?SUB

?PR?SUB_SENDANGXY?SUB                       -----    -----      -----    -----      -----    -----
  +--> ?CO?SUB
  +--> ?PR?_COMM_PUTSTR?COMM
  +--> ?PR?GETXANGALLSETVAL?ANGAPP
  +--> ?PR?_COMM_PUTINT32S?SUB
  +--> ?PR?GETYANGALLSETVAL?ANGAPP
  +--> ?PR?COMM_PUTNEWLINESTA?SUB

?PR?_COMM_PUTSTR?COMM                       -----    -----      0039H    0003H      -----    -----
  +--> ?PR?_COMM_PUTCHAR?COMM

?PR?_COMM_PUTCHAR?COMM                      -----    -----      003CH    0003H      -----    -----

?PR?GETXANGALLSETVAL?ANGAPP                 -----    -----      003AH    0004H      -----    -----
  +--> ?PR?GETXANG?SENSOR
  +--> ?PR?_SETANGZERO?ANGAPP
  +--> ?PR?_SETANGZEROADD?ANGAPP

?PR?_SETANGZERO?ANGAPP                      -----    -----      003EH    0004H      -----    -----

?PR?_SETANGZEROADD?ANGAPP                   -----    -----      003EH    0004H      -----    -----

?PR?_COMM_PUTINT32S?SUB                     -----    -----      -----    -----      -----    -----
  +--> ?PR?_SUB_INT32S2STR?SUB
  +--> ?PR?_COMM_PUTSTR?COMM

?PR?_SUB_INT32S2STR?SUB                     -----    -----      002CH    0007H      -----    -----

?PR?GETYANGALLSETVAL?ANGAPP                 -----    -----      003AH    0004H      -----    -----
  +--> ?PR?GETYANG?SENSOR
  +--> ?PR?_SETANGZERO?ANGAPP
  +--> ?PR?_SETANGZEROADD?ANGAPP

?PR?COMM_PUTNEWLINESTA?SUB                  -----    -----      -----    -----      -----    -----
  +--> ?PR?_COMM_PUTCHAR?COMM
  +--> ?PR?COMM_SENDSTA?COMM

?PR?SEND_TIMEPROC?SEND                      -----    -----      -----    -----      -----    -----
  +--> ?PR?_COMM_GETCHAR?COMM
  +--> ?PR?_CUSTOMPRO?MODBUSRTU
  +--> ?PR?_MODRTU_RXPROC?MODBUSRTU
  +--> ?PR?_SEND_RDEAL?SEND
  +--> ?PR?_SEND_CDEAL?SEND
  +--> ?PR?_SEND_SDEAL?SEND
  +--> ?PR?_SEND_UDEAL?SEND
  +--> ?PR?_SEND_WDEAL?SEND
  +--> ?PR?_SEND_TDEAL?SEND

?PR?_COMM_GETCHAR?COMM                      -----    -----      0021H    0006H      -----    -----
BL51 BANKED LINKER/LOCATER V6.22                                                      06/27/2018  11:39:01  PAGE 17



?PR?_CUSTOMPRO?MODBUSRTU                    -----    -----      0021H    0004H      0C77H    000AH
  +--> ?PR?_CHKCODE?MODBUSRTU
  +--> ?PR?GETXANGALLSETVAL?ANGAPP
  +--> ?PR?_INT32S2VAL?MODBUSRTU
  +--> ?PR?GETYANGALLSETVAL?ANGAPP
  +--> ?PR?GET_MCUTEMPINCELSIUS?SENSOR
  +--> ?PR?_SUMCHK?MODBUSRTU
  +--> ?PR?_COMM_PUTSTR?COMM
  +--> ?PR?COMM_SENDSTA?COMM
  +--> ?PR?_DELAY_MS?DELAY
  +--> ?CO?SEND
  +--> ?PR?FLASH_USERDATAUPDATE?FLASH

?PR?_CHKCODE?MODBUSRTU                      -----    -----      0025H    0003H      -----    -----

?PR?_INT32S2VAL?MODBUSRTU                   -----    -----      0025H    0007H      -----    -----

?PR?GET_MCUTEMPINCELSIUS?SENSOR             -----    -----      -----    -----      -----    -----
  +--> ?PR?ADC_GETTEMP?ADCDRV

?PR?_SUMCHK?MODBUSRTU                       -----    -----      0025H    0004H      0C81H    0001H

?PR?FLASH_USERDATAUPDATE?FLASH              -----    -----      -----    -----      -----    -----
  +--> ?PR?_FLASH_CALDATAUPDATE_USER?FLASH

?PR?_MODRTU_RXPROC?MODBUSRTU                -----    -----      0021H    0004H      -----    -----
  +--> ?PR?_MODRTU_CHKCRC?MODBUSRTU
  +--> ?PR?_MODRTU_RDREG?MODBUSRTU
  +--> ?PR?_MODRTU_WRREG?MODBUSRTU
  +--> ?PR?_MODRTU_RLYERROR?MODBUSRTU

?PR?_MODRTU_CHKCRC?MODBUSRTU                -----    -----      -----    -----      -----    -----
  +--> ?PR?_MODBUSCRCCNT?MODBUSCRC

?PR?_MODBUSCRCCNT?MODBUSCRC                 -----    -----      0035H    0003H      -----    -----
  +--> ?CO?MODBUSCRC

?PR?_MODRTU_RDREG?MODBUSRTU                 -----    -----      0025H    000DH      -----    -----
  +--> ?PR?_MODRTU_8TO16?MODBUSRTU
  +--> ?PR?_MODRTU_RDVAL?MODBUSRTU
  +--> ?PR?_MODRTU_RLYERROR?MODBUSRTU
  +--> ?PR?_MODBUSCRCCNT?MODBUSCRC
  +--> ?PR?_MODRTU_WRCRC?MODBUSRTU
  +--> ?PR?_COMM_PUTSTR?COMM
  +--> ?PR?COMM_SENDSTA?COMM

?PR?_MODRTU_RDVAL?MODBUSRTU                 -----    -----      0032H    0008H      0C77H    0004H
  +--> ?PR?GETXANGALLSETVAL?ANGAPP
  +--> ?PR?GETYANGALLSETVAL?ANGAPP
  +--> ?PR?GETANGP?ANGAPP
  +--> ?PR?GETANGXINST?ANGAPP
  +--> ?PR?GETANGYINST?ANGAPP
  +--> ?PR?GETANGXSET?ANGAPP
  +--> ?PR?GETANGYSET?ANGAPP
  +--> ?PR?GETANGPSET?ANGAPP
  +--> ?PR?GET_MCUTEMP?SENSOR
BL51 BANKED LINKER/LOCATER V6.22                                                      06/27/2018  11:39:01  PAGE 18


  +--> ?PR?_GETTEMPXCALTEMPVAL?CALIBRATION
  +--> ?PR?_GETTEMPXCALADCVAL?CALIBRATION
  +--> ?PR?_GETTEMPYCALADCVAL?CALIBRATION
  +--> ?PR?GETXOFTVAL?SENSOR
  +--> ?PR?_FLOATTOINT?MODBUSRTU
  +--> ?PR?_GETANGXCALADCVAL?CALIBRATION
  +--> ?PR?_GETANGXCALANGVAL?CALIBRATION
  +--> ?PR?GETYOFTVAL?SENSOR
  +--> ?PR?_GETANGYCALADCVAL?CALIBRATION
  +--> ?PR?_GETANGYCALANGVAL?CALIBRATION
  +--> ?PR?GETXFTVAL?SENSOR
  +--> ?PR?GETYFTVAL?SENSOR
  +--> ?PR?GETXANG?SENSOR
  +--> ?PR?GETYANG?SENSOR
  +--> ?PR?GETANGXRELSYS?ANGAPP
  +--> ?PR?GETANGYRELSYS?ANGAPP
  +--> ?PR?GETANGXZEROUSR?ANGAPP
  +--> ?PR?GETANGYZEROUSR?ANGAPP
  +--> ?PR?GETANGXSYSZERO?ANGAPP
  +--> ?PR?GETANGYSYSZERO?ANGAPP
  +--> ?PR?GETANGXUSRZERO?ANGAPP
  +--> ?PR?GETANGYUSRZERO?ANGAPP
  +--> ?PR?GETANGXCALCNT?CALIBRATION
  +--> ?PR?GETTEMPXCALCNT?CALIBRATION
  +--> ?PR?GETFILTERCNT?SENSOR
  +--> ?PR?_MODRTU_RD16U?MODBUSRTU

?PR?GETANGP?ANGAPP                          -----    -----      -----    -----      -----    -----
  +--> ?PR?GETXANGALLSETVAL?ANGAPP
  +--> ?PR?GETYANGALLSETVAL?ANGAPP
  +--> ?PR?_PANGCALC?ANGAPP

?PR?_PANGCALC?ANGAPP                        -----    -----      003AH    0010H      -----    -----
  +--> ?PR?SIN?SIN
  +--> ?PR?SQRT?SQRT
  +--> ?PR?ASIN?ASIN

?PR?_FLOATTOINT?MODBUSRTU                   -----    -----      003AH    000CH      -----    -----

?PR?_MODRTU_RLYERROR?MODBUSRTU              -----    -----      0032H    0003H      -----    -----
  +--> ?PR?_MODBUSCRCCNT?MODBUSCRC
  +--> ?PR?_COMM_PUTSTR?COMM
  +--> ?PR?COMM_SENDSTA?COMM

?PR?_MODRTU_WRREG?MODBUSRTU                 -----    -----      0025H    000CH      -----    -----
  +--> ?PR?_MODRTU_8TO16?MODBUSRTU
  +--> ?PR?_MODRTU_WRVAL?MODBUSRTU
  +--> ?PR?_MODRTU_RLYERROR?MODBUSRTU
  +--> ?PR?_MODBUSCRCCNT?MODBUSCRC
  +--> ?PR?_MODRTU_WRCRC?MODBUSRTU
  +--> ?PR?_COMM_PUTSTR?COMM
  +--> ?PR?COMM_SENDSTA?COMM
  +--> ?PR?FLASH_USERDATAUPDATE?FLASH

?PR?_MODRTU_WRVAL?MODBUSRTU                 -----    -----      0031H    0008H      0C77H    0008H
  +--> ?PR?_MODRTU_WR16U?MODBUSRTU
  +--> ?PR?_SETANGXINST?ANGAPP
BL51 BANKED LINKER/LOCATER V6.22                                                      06/27/2018  11:39:01  PAGE 19


  +--> ?PR?_SETANGYINST?ANGAPP
  +--> ?PR?_MODRTU_SETZERO?MODBUSRTU
  +--> ?PR?_MODRTU_WRADDR?MODBUSRTU
  +--> ?PR?_MODRTU_WRBAUD?MODBUSRTU
  +--> ?PR?COMP_CALINIT?COMPASS
  +--> ?PR?COMP_CALPRMTCNT?COMPASS
  +--> ?PR?COMP_HARDWAREINIT?COMPASS
  +--> ?PR?GETANGXRELSYS?ANGAPP
  +--> ?PR?_SETANGXUSRZERO?ANGAPP
  +--> ?PR?FLASH_USERDATAUPDATE?FLASH
  +--> ?PR?_SETANGCALCNT?CALIBRATION
  +--> ?PR?GETANGXCALCNT?CALIBRATION
  +--> ?PR?_SETANGXCALANGVAL?CALIBRATION
  +--> ?PR?GETXOFTVAL?SENSOR
  +--> ?PR?_SETANGXCALADCVAL?CALIBRATION
  +--> ?PR?_SETANGYCALANGVAL?CALIBRATION
  +--> ?PR?GETYOFTVAL?SENSOR
  +--> ?PR?_SETANGYCALADCVAL?CALIBRATION
  +--> ?PR?FLASH_CALDATAUPDATE?FLASH
  +--> ?PR?GETXANG?SENSOR
  +--> ?PR?_SETANGXSYSZERO?ANGAPP
  +--> ?PR?GETYANG?SENSOR
  +--> ?PR?_SETANGYSYSZERO?ANGAPP
  +--> ?PR?GETANGYRELSYS?ANGAPP
  +--> ?PR?_SETANGYUSRZERO?ANGAPP
  +--> ?PR?_SETFILTERCNT?SENSOR

?PR?_MODRTU_SETZERO?MODBUSRTU               -----    -----      0039H    0002H      -----    -----
  +--> ?PR?_MODRTU_8TO16?MODBUSRTU
  +--> ?PR?GETANGXRELSYS?ANGAPP
  +--> ?PR?_SETANGXUSRZERO?ANGAPP
  +--> ?PR?GETANGYRELSYS?ANGAPP
  +--> ?PR?_SETANGYUSRZERO?ANGAPP

?PR?COMP_CALPRMTCNT?COMPASS                 -----    -----      -----    -----      0C7FH    000CH
  +--> ?PR?ASIN?ASIN
  +--> ?PR?SIN?SIN

?PR?_SEND_RDEAL?SEND                        -----    -----      0021H    0005H      -----    -----
  +--> ?CO?SEND
  +--> ?PR?_STRNCMP?STRNCMP
  +--> ?PR?SUB_SENDPRMTALL?SUB
  +--> ?PR?SUB_SENDANGXYP?SUB
  +--> ?PR?SUB_SENDANGXY?SUB
  +--> ?PR?SUB_SENDSOFTVER?SUB
  +--> ?PR?SUB_SENDSYSNUM?SUB
  +--> ?PR?_SUB_STR2INT8U?SUB
  +--> ?PR?_SUB_SENDTEMPCAL?SUB
  +--> ?PR?_SUB_SENDMCUTEMPCAL?SUB
  +--> ?PR?SUB_SENDERR?SUB

?PR?_STRNCMP?STRNCMP                        -----    -----      002CH    0008H      -----    -----

?PR?SUB_SENDPRMTALL?SUB                     -----    -----      -----    -----      -----    -----
  +--> ?CO?SUB
  +--> ?PR?_COMM_PUTSTR?COMM
  +--> ?PR?GET_MCUTEMP?SENSOR
BL51 BANKED LINKER/LOCATER V6.22                                                      06/27/2018  11:39:01  PAGE 20


  +--> ?PR?_COMM_PUTINT16U?SUB
  +--> ?PR?GETXFTVAL?SENSOR
  +--> ?PR?_COMM_PUTCHAR?COMM
  +--> ?PR?GETXOFTVAL?SENSOR
  +--> ?PR?GETXANG?SENSOR
  +--> ?PR?_COMM_PUTINT32S?SUB
  +--> ?PR?GETYFTVAL?SENSOR
  +--> ?PR?GETYOFTVAL?SENSOR
  +--> ?PR?GETYANG?SENSOR
  +--> ?PR?GET_MCUTEMPINCELSIUS?SENSOR
  +--> ?PR?COMM_PUTNEWLINESTA?SUB

?PR?_COMM_PUTINT16U?SUB                     -----    -----      -----    -----      -----    -----
  +--> ?PR?_SUB_INT16U2STR?SUB
  +--> ?PR?_COMM_PUTSTR?COMM

?PR?_SUB_INT16U2STR?SUB                     -----    -----      0039H    0005H      -----    -----

?PR?SUB_SENDANGXYP?SUB                      -----    -----      -----    -----      -----    -----
  +--> ?CO?SUB
  +--> ?PR?_COMM_PUTSTR?COMM
  +--> ?PR?GETXANGALLSETVAL?ANGAPP
  +--> ?PR?_COMM_PUTINT32S?SUB
  +--> ?PR?GETYANGALLSETVAL?ANGAPP
  +--> ?PR?GETANGP?ANGAPP
  +--> ?PR?COMM_PUTNEWLINESTA?SUB

?PR?SUB_SENDSOFTVER?SUB                     -----    -----      -----    -----      -----    -----
  +--> ?CO?SUB
  +--> ?PR?_COMM_PUTSTR?COMM
  +--> ?PR?COMM_PUTNEWLINESTA?SUB

?PR?SUB_SENDSYSNUM?SUB                      -----    -----      -----    -----      -----    -----
  +--> ?CO?SUB
  +--> ?PR?_COMM_PUTSTR?COMM
  +--> ?PR?COMM_PUTNEWLINESTA?SUB

?PR?_SUB_SENDTEMPCAL?SUB                    -----    -----      0026H    0001H      -----    -----
  +--> ?CO?SUB
  +--> ?PR?_COMM_PUTSTR?COMM
  +--> ?PR?_COMM_PUTINT8U?SUB
  +--> ?PR?_COMM_PUTCHAR?COMM
  +--> ?PR?_GETTEMPXCALTEMPVAL?CALIBRATION
  +--> ?PR?_COMM_PUTINT16U?SUB
  +--> ?PR?_GETTEMPXCALADCVAL?CALIBRATION
  +--> ?PR?_COMM_PUTINT16S?SUB
  +--> ?PR?_GETTEMPYCALADCVAL?CALIBRATION
  +--> ?PR?COMM_PUTNEWLINESTA?SUB

?PR?_COMM_PUTINT8U?SUB                      -----    -----      -----    -----      -----    -----
  +--> ?PR?_SUB_INT8U2STR?SUB
  +--> ?PR?_COMM_PUTSTR?COMM

?PR?_COMM_PUTINT16S?SUB                     -----    -----      -----    -----      -----    -----
  +--> ?PR?_SUB_INT16S2STR?SUB
  +--> ?PR?_COMM_PUTSTR?COMM

BL51 BANKED LINKER/LOCATER V6.22                                                      06/27/2018  11:39:01  PAGE 21


?PR?_SUB_INT16S2STR?SUB                     -----    -----      -----    -----      -----    -----
  +--> ?PR?_SUB_INT16U2STR?SUB

?PR?_SUB_SENDMCUTEMPCAL?SUB                 -----    -----      0026H    0001H      -----    -----
  +--> ?CO?SUB
  +--> ?PR?_COMM_PUTSTR?COMM
  +--> ?PR?_COMM_PUTINT8U?SUB
  +--> ?PR?_COMM_PUTCHAR?COMM
  +--> ?PR?_GETMCUTCALTEMPVAL?CALMCUT
  +--> ?PR?_COMM_PUTINT16S?SUB
  +--> ?PR?_GETMCUTCALADCVAL?CALMCUT
  +--> ?PR?_COMM_PUTINT16U?SUB
  +--> ?PR?COMM_PUTNEWLINESTA?SUB

?PR?SUB_SENDERR?SUB                         -----    -----      -----    -----      -----    -----
  +--> ?CO?SUB
  +--> ?PR?_COMM_PUTSTR?COMM
  +--> ?PR?COMM_PUTNEWLINESTA?SUB

?PR?_SEND_CDEAL?SEND                        -----    -----      0021H    0004H      -----    -----
  +--> ?CO?SEND
  +--> ?PR?_STRNCMP?STRNCMP
  +--> ?PR?SUB_SENDERR?SUB
  +--> ?PR?_SETANGXSYSZERO?ANGAPP
  +--> ?PR?_SETANGYSYSZERO?ANGAPP
  +--> ?PR?_COMM_PUTSTR?COMM
  +--> ?PR?SUB_SENDOK?SUB
  +--> ?PR?_SETANGXUSRZERO?ANGAPP
  +--> ?PR?_SETANGYUSRZERO?ANGAPP
  +--> ?PR?TEMP_CALSTA?CMDSUB
  +--> ?PR?TEMP_CALSTOP?CMDSUB
  +--> ?PR?MCUT_CALSTA?CALMCUT
  +--> ?PR?MCUT_CALSTOP?CALMCUT

?PR?SUB_SENDOK?SUB                          -----    -----      -----    -----      -----    -----
  +--> ?CO?SUB
  +--> ?PR?_COMM_PUTSTR?COMM
  +--> ?PR?COMM_PUTNEWLINESTA?SUB

?PR?_SEND_SDEAL?SEND                        -----    -----      0021H    000BH      -----    -----
  +--> ?CO?SEND
  +--> ?PR?_STRNCMP?STRNCMP
  +--> ?PR?_COMM_PUTSTR?COMM
  +--> ?PR?SUB_SENDOK?SUB
  +--> ?PR?SUB_SENDERR?SUB
  +--> ?PR?SUB_SENDANGXY?SUB
  +--> ?PR?_SUB_STR2INT8U?SUB
  +--> ?PR?_SETFILTERCNT?SENSOR
  +--> ?PR?GETXANG?SENSOR
  +--> ?PR?_SETANGXSYSZERO?ANGAPP
  +--> ?PR?GETYANG?SENSOR
  +--> ?PR?_SETANGYSYSZERO?ANGAPP
  +--> ?PR?GETANGXRELSYS?ANGAPP
  +--> ?PR?_SETANGXUSRZERO?ANGAPP
  +--> ?PR?GETANGYRELSYS?ANGAPP
  +--> ?PR?_SETANGYUSRZERO?ANGAPP
  +--> ?PR?_SUB_STR2INT32S?SUB
BL51 BANKED LINKER/LOCATER V6.22                                                      06/27/2018  11:39:01  PAGE 22


  +--> ?PR?_SETANGXINST?ANGAPP
  +--> ?PR?_SETANGYINST?ANGAPP
  +--> ?PR?_SETTEMPCALCNT?CALIBRATION
  +--> ?PR?_SETMCUTCALCNT?CALMCUT
  +--> ?PR?_SUB_STR2INT8S?SUB
  +--> ?PR?GET_MCUTEMP?SENSOR
  +--> ?PR?_MCUT_SET?CMDSUB
  +--> ?PR?_MCUT_CALSAMP?CALMCUT
  +--> ?PR?GETXFTVAL?SENSOR
  +--> ?PR?GETYFTVAL?SENSOR
  +--> ?PR?_TEMP_CALSAMP?CMDSUB
  +--> ?PR?_TEMP_CALTREFSET?CMDSUB
  +--> ?PR?_DELAY_MS?DELAY
  +--> ?PR?SUB_SYSRST?SUB

?PR?_SUB_STR2INT32S?SUB                     -----    -----      002CH    000AH      -----    -----

?PR?_SUB_STR2INT8S?SUB                      -----    -----      002CH    0003H      -----    -----
  +--> ?PR?_SUB_STR2INT8U?SUB

?PR?_MCUT_CALSAMP?CALMCUT                   -----    -----      002CH    0004H      -----    -----
  +--> ?PR?_MCUT_CALVALWR?CALMCUT
  +--> ?PR?_SUB_SENDMCUT?SUB

?PR?_MCUT_CALVALWR?CALMCUT                  -----    -----      0030H    0003H      -----    -----

?PR?_SUB_SENDMCUT?SUB                       -----    -----      0030H    0004H      -----    -----
  +--> ?CO?SUB
  +--> ?PR?_COMM_PUTSTR?COMM
  +--> ?PR?_COMM_PUTINT16S?SUB
  +--> ?PR?_COMM_PUTINT16U?SUB
  +--> ?PR?COMM_PUTNEWLINESTA?SUB

?PR?_TEMP_CALSAMP?CMDSUB                    -----    -----      002CH    0007H      -----    -----
  +--> ?PR?_TEMP_CALVALWR?CMDSUB
  +--> ?PR?_SUB_SENDADCTXY?SUB

?PR?_TEMP_CALVALWR?CMDSUB                   -----    -----      0033H    0007H      -----    -----

?PR?_SUB_SENDADCTXY?SUB                     -----    -----      0033H    0006H      -----    -----
  +--> ?CO?SUB
  +--> ?PR?_COMM_PUTSTR?COMM
  +--> ?PR?_COMM_PUTINT16U?SUB
  +--> ?PR?COMM_PUTNEWLINESTA?SUB

?PR?_TEMP_CALTREFSET?CMDSUB                 -----    -----      002CH    0005H      -----    -----
  +--> ?PR?TEMP_CALSTOP?CMDSUB

?PR?_SEND_UDEAL?SEND                        -----    -----      0021H    0004H      -----    -----
  +--> ?CO?SEND
  +--> ?PR?_STRNCMP?STRNCMP
  +--> ?PR?FLASH_CALDATAUPDATE?FLASH
  +--> ?PR?FLASH_USERDATAUPDATE?FLASH
  +--> ?PR?_COMM_PUTSTR?COMM
  +--> ?PR?SUB_SENDOK?SUB
  +--> ?PR?SUB_SENDERR?SUB

BL51 BANKED LINKER/LOCATER V6.22                                                      06/27/2018  11:39:01  PAGE 23


?PR?_SEND_WDEAL?SEND                        -----    -----      0021H    000AH      -----    -----
  +--> ?CO?SEND
  +--> ?PR?_STRNCMP?STRNCMP
  +--> ?PR?_SUB_STR2INT16S?SUB
  +--> ?PR?_SUB_STR2INT16U?SUB
  +--> ?PR?_SUB_STR2INT8U?SUB
  +--> ?PR?_TEMP_CALVALWR?CMDSUB
  +--> ?PR?SUB_SENDERR?SUB
  +--> ?PR?_STRNCPY?STRNCPY
  +--> ?PR?_COMM_PUTSTR?COMM
  +--> ?PR?SUB_SENDOK?SUB

?PR?_SUB_STR2INT16S?SUB                     -----    -----      002BH    0008H      -----    -----
  +--> ?PR?_SUB_STR2INT16U?SUB

?PR?_SUB_STR2INT16U?SUB                     -----    -----      0033H    0006H      -----    -----

?PR?_STRNCPY?STRNCPY                        -----    -----      002BH    000AH      -----    -----

?PR?_SEND_TDEAL?SEND                        -----    -----      0021H    0001H      -----    -----
  +--> ?CO?SEND
  +--> ?PR?_STRNCMP?STRNCMP
  +--> ?PR?SUB_SENDTCALTEST?SUB

?PR?SUB_SENDTCALTEST?SUB                    -----    -----      0022H    0004H      -----    -----
  +--> ?PR?GET_MCUTEMP?SENSOR
  +--> ?PR?_COMM_PUTINT16U?SUB
  +--> ?PR?_COMM_PUTCHAR?COMM
  +--> ?PR?_COMM_PUTINT16S?SUB
  +--> ?PR?COMM_PUTNEWLINESTA?SUB

?PR?COMP_ANGCNTPROC?COMPASS                 -----    -----      -----    -----      0C77H    0007H
  +--> ?PR?_COMP_GETADC?COMPASS
  +--> ?PR?_COMP_ADCCORRECTS?COMPASS
  +--> ?PR?ATAN?ATAN

?PR?_COMP_GETADC?COMPASS                    -----    -----      -----    -----      0C7EH    0002H
  +--> ?PR?COMP_SPISTA?COMPASS
  +--> ?PR?_COMP_SPIBYTESEND?COMPASS
  +--> ?PR?COMP_SPIBUSYTEST?COMPASS
  +--> ?PR?COMP_SPIBYTEGET?COMPASS
  +--> ?PR?COMP_SPIEND?COMPASS

?PR?_COMP_SPIBYTESEND?COMPASS               -----    -----      -----    -----      0C80H    0001H

?PR?COMP_SPIBYTEGET?COMPASS                 -----    -----      -----    -----      0C80H    0004H

?PR?_COMP_ADCCORRECTS?COMPASS               -----    -----      0021H    0006H      0C7EH    0008H

?PR?COMP_CALSAMPPROC?COMPASS                -----    -----      -----    -----      0C77H    0005H
  +--> ?PR?_COMP_GETADC?COMPASS
  +--> ?PR?_COMP_MIDFILTER?COMPASS

?PR?_COMP_MIDFILTER?COMPASS                 -----    -----      -----    -----      0C7CH    0006H

*** NEW ROOT ***************************************************

BL51 BANKED LINKER/LOCATER V6.22                                                      06/27/2018  11:39:01  PAGE 24


?PR?ADC_ISR?ADCDRV                          -----    -----      -----    -----      -----    -----
  +--> ?PR?_ADC_SAVEANDSWITCH?ADCDRV

?PR?_ADC_SAVEANDSWITCH?ADCDRV               -----    -----      0054H    0003H      -----    -----
  +--> ?CO?ADCDRV
  +--> ?PR?_ADCFILTER?ADCDRV

?PR?_ADCFILTER?ADCDRV                       -----    -----      0057H    0005H      -----    -----
  +--> ?PR?_VALINRANGE?FILTER
  +--> ?PR?_SLIDEWINFILTER?FILTER

?PR?_SLIDEWINFILTER?FILTER                  -----    -----      005CH    0012H      -----    -----

*** NEW ROOT ***************************************************

?PR?COMM_ISR?COMM                           -----    -----      006EH    0002H      -----    -----
  +--> ?PR?_COMM_GETTXCHAR?COMM
  +--> ?PR?COMM_SENDSTOP?COMM
  +--> ?PR?_COMM_PUTRXCHAR?COMM
  +--> ?PR?COMM_TIMERINIT?COMM

?PR?_COMM_GETTXCHAR?COMM                    -----    -----      0070H    0006H      -----    -----

?PR?_COMM_PUTRXCHAR?COMM                    -----    -----      0070H    0003H      -----    -----

*** NEW ROOT ***************************************************

?PR?TIMER2_ISR?TIMER                        -----    -----      -----    -----      -----    -----
  +--> ?PR?TIMER2_TASKINISR?TIMER

?PR?TIMER2_TASKINISR?TIMER                  -----    -----      -----    -----      -----    -----
  +--> ?PR?COMM_TIMERPROC?COMM
  +--> ?CO?SEND



SYMBOL TABLE OF MODULE:  .\obj\WTS125_M (?C_STARTUP)

  VALUE           TYPE          NAME
  ----------------------------------

  -------         MODULE        ?C_STARTUP
  C:5C38H         SEGMENT       ?C_C51STARTUP
  I:0076H         SEGMENT       ?STACK
  C:0000H         PUBLIC        ?C_STARTUP
  D:00E0H         SYMBOL        ACC
  D:00F0H         SYMBOL        B
  D:0083H         SYMBOL        DPH
  D:0082H         SYMBOL        DPL
  N:0000H         SYMBOL        IBPSTACK
  N:0100H         SYMBOL        IBPSTACKTOP
  N:0080H         SYMBOL        IDATALEN
  C:5C3BH         SYMBOL        IDATALOOP
  N:0000H         SYMBOL        PBPSTACK
  N:0100H         SYMBOL        PBPSTACKTOP
  N:0000H         SYMBOL        PDATALEN
  N:0000H         SYMBOL        PDATASTART
BL51 BANKED LINKER/LOCATER V6.22                                                      06/27/2018  11:39:01  PAGE 25


  N:0000H         SYMBOL        PPAGE
  N:0000H         SYMBOL        PPAGEENABLE
  D:00A0H         SYMBOL        PPAGE_SFR
  D:0081H         SYMBOL        SP
  C:5C38H         SYMBOL        STARTUP1
  N:0000H         SYMBOL        XBPSTACK
  N:0000H         SYMBOL        XBPSTACKTOP
  N:0000H         SYMBOL        XDATALEN
  N:0000H         SYMBOL        XDATASTART
  C:0000H         LINE#         126
  C:5C38H         LINE#         133
  C:5C3AH         LINE#         134
  C:5C3BH         LINE#         135
  C:5C3CH         LINE#         136
  C:5C3EH         LINE#         185
  C:5C41H         LINE#         196
  -------         ENDMOD        ?C_STARTUP

  -------         MODULE        ADCDRV
  C:0000H         SYMBOL        _ICE_DUMMY_
  C:7A22H         PUBLIC        Adc_Init
  D:0090H         PUBLIC        P1
  D:00A0H         PUBLIC        P2
  D:00BCH         PUBLIC        ADC0CF
  D:00E6H         PUBLIC        EIE1
  C:6062H         SYMBOL        _Adc_SaveAndSwitch
  C:7B36H         PUBLIC        Adc_GetXVal
  C:7B3FH         PUBLIC        Adc_GetYVal
  D:00E8H         PUBLIC        ADC0CN
  D:00A7H         PUBLIC        SFRPAGE
  C:7C3EH         SYMBOL        Adc_VrefInit
  C:5814H         PUBLIC        Adc_Isr
  X:085CH         PUBLIC        x_axis_adc
  X:08E4H         PUBLIC        y_axis_adc
  D:00BBH         PUBLIC        ADC0MX
  D:00D1H         PUBLIC        REF0CN
  C:6B16H         SYMBOL        AdcEntityInit
  B:00E8H.5       PUBLIC        AD0INT
  C:7B48H         PUBLIC        Adc_GetTemp
  C:7310H         SYMBOL        Adc_SetInit
  I:0019H         PUBLIC        AdcSwitchId
  C:7C42H         SYMBOL        Adc_IsrInit
  C:0026H         PUBLIC        Adc_Enable
  I:001AH         PUBLIC        AdcEndTag
  D:00BEH         PUBLIC        ADC0H
  X:096CH         PUBLIC        temp_adc
  D:00BDH         PUBLIC        ADC0L
  I:001BH         PUBLIC        AdcEndId
  C:7608H         SYMBOL        PinIdTab
  C:5D50H         SYMBOL        _AdcFilter
  D:00BDH         PUBLIC        ADC0
  C:7615H         SYMBOL        PinMuxTab
  -------         PROC          ADC_INIT
  C:7A22H         LINE#         46
  C:7A22H         LINE#         47
  C:7A22H         LINE#         48
  C:7A25H         LINE#         49
BL51 BANKED LINKER/LOCATER V6.22                                                      06/27/2018  11:39:01  PAGE 26


  C:7A28H         LINE#         50
  C:7A2BH         LINE#         51
  -------         ENDPROC       ADC_INIT
  -------         PROC          ADC_ENABLE
  C:0026H         LINE#         54
  C:0026H         LINE#         55
  C:0026H         LINE#         56
  C:0029H         LINE#         57
  -------         ENDPROC       ADC_ENABLE
  -------         PROC          ADC_GETXVAL
  C:7B36H         LINE#         65
  C:7B36H         LINE#         66
  C:7B36H         LINE#         67
  C:7B3EH         LINE#         68
  -------         ENDPROC       ADC_GETXVAL
  -------         PROC          ADC_GETYVAL
  C:7B3FH         LINE#         76
  C:7B3FH         LINE#         77
  C:7B3FH         LINE#         78
  C:7B47H         LINE#         79
  -------         ENDPROC       ADC_GETYVAL
  -------         PROC          ADC_GETTEMP
  C:7B48H         LINE#         87
  C:7B48H         LINE#         88
  C:7B48H         LINE#         89
  C:7B50H         LINE#         90
  -------         ENDPROC       ADC_GETTEMP
  -------         PROC          ADC_SETINIT
  -------         DO            
  D:0007H         SYMBOL        SfrPage_
  -------         ENDDO         
  C:7310H         LINE#         111
  C:7310H         LINE#         112
  C:7312H         LINE#         115
  C:7315H         LINE#         116
  C:7318H         LINE#         117
  C:731BH         LINE#         118
  C:731EH         LINE#         119
  C:7321H         LINE#         120
  C:7324H         LINE#         121
  C:7327H         LINE#         122
  C:732AH         LINE#         123
  C:732DH         LINE#         124
  C:7330H         LINE#         125
  C:7333H         LINE#         126
  C:7335H         LINE#         127
  C:7338H         LINE#         128
  C:733BH         LINE#         129
  C:733DH         LINE#         130
  -------         ENDPROC       ADC_SETINIT
  -------         PROC          ADC_VREFINIT
  C:7C3EH         LINE#         132
  C:7C3EH         LINE#         133
  C:7C3EH         LINE#         134
  C:7C41H         LINE#         135
  -------         ENDPROC       ADC_VREFINIT
  -------         PROC          ADC_ISRINIT
BL51 BANKED LINKER/LOCATER V6.22                                                      06/27/2018  11:39:01  PAGE 27


  C:7C42H         LINE#         137
  C:7C42H         LINE#         138
  C:7C42H         LINE#         139
  C:7C45H         LINE#         140
  -------         ENDPROC       ADC_ISRINIT
  -------         PROC          _ADCFILTER
  D:0057H         SYMBOL        p_adc
  D:005AH         SYMBOL        val
  C:5D50H         LINE#         149
  C:5D5AH         LINE#         150
  C:5D5AH         LINE#         151
  C:5D6FH         LINE#         152
  C:5D6FH         LINE#         154
  C:5DBEH         LINE#         155
  C:5DBEH         LINE#         157
  C:5DBEH         LINE#         158
  C:5DCDH         LINE#         159
  C:5DD4H         LINE#         160
  C:5DD4H         LINE#         161
  -------         ENDPROC       _ADCFILTER
  -------         PROC          ADCENTITYINIT
  C:6B16H         LINE#         219
  C:6B16H         LINE#         220
  C:6B16H         LINE#         222
  C:6B1BH         LINE#         223
  C:6B1DH         LINE#         224
  C:6B1FH         LINE#         225
  C:6B25H         LINE#         227
  C:6B30H         LINE#         229
  C:6B34H         LINE#         230
  C:6B37H         LINE#         231
  C:6B39H         LINE#         232
  C:6B3FH         LINE#         234
  C:6B4AH         LINE#         236
  C:6B4EH         LINE#         237
  C:6B51H         LINE#         238
  C:6B53H         LINE#         239
  C:6B59H         LINE#         241
  C:6B62H         LINE#         249
  -------         ENDPROC       ADCENTITYINIT
  -------         PROC          _ADC_SAVEANDSWITCH
  D:0004H         SYMBOL        val
  -------         DO            
  D:0054H         SYMBOL        adc_ent
  -------         ENDDO         
  C:6062H         LINE#         265
  C:6066H         LINE#         266
  C:6066H         LINE#         268
  C:606FH         LINE#         269
  C:607EH         LINE#         270
  C:6086H         LINE#         272
  C:608EH         LINE#         273
  C:608EH         LINE#         274
  C:60A2H         LINE#         275
  C:60A2H         LINE#         276
  C:60AEH         LINE#         277
  C:60B0H         LINE#         278
BL51 BANKED LINKER/LOCATER V6.22                                                      06/27/2018  11:39:01  PAGE 28


  C:60B8H         LINE#         280
  C:60C1H         LINE#         282
  C:60CBH         LINE#         283
  C:60CEH         LINE#         285
  C:60D4H         LINE#         286
  C:60DDH         LINE#         287
  C:60E0H         LINE#         288
  -------         ENDPROC       _ADC_SAVEANDSWITCH
  -------         PROC          ADC_ISR
  -------         DO            
  X:0856H         SYMBOL        sum
  X:085AH         SYMBOL        cnt
  -------         ENDDO         
  C:5814H         LINE#         296
  C:5831H         LINE#         301
  C:5833H         LINE#         302
  C:585AH         LINE#         303
  C:586DH         LINE#         304
  C:586DH         LINE#         305
  C:5887H         LINE#         306
  C:5891H         LINE#         307
  C:5898H         LINE#         308
  C:589AH         LINE#         310
  C:589DH         LINE#         311
  -------         ENDPROC       ADC_ISR
  -------         ENDMOD        ADCDRV

  -------         MODULE        ANGAPP
  C:0000H         SYMBOL        _ICE_DUMMY_
  C:7BF6H         PUBLIC        _SetAngYUsrZero
  C:6C95H         PUBLIC        GetXAngAllSetVal
  D:0090H         PUBLIC        P1
  C:6CDBH         PUBLIC        GetYAngAllSetVal
  D:00A0H         PUBLIC        P2
  C:7BE4H         PUBLIC        _SetAngXSysZero
  C:7BEAH         PUBLIC        _SetAngYSysZero
  C:714DH         PUBLIC        GetAngP
  X:0BEFH         SYMBOL        angp
  C:615CH         PUBLIC        AngInit
  X:0BF3H         SYMBOL        angx_usrzero
  X:0BF7H         SYMBOL        angy_usrzero
  C:7900H         PUBLIC        GetAngXInst
  C:790FH         PUBLIC        GetAngYInst
  X:0BFBH         SYMBOL        angx_syszero
  X:0BFFH         SYMBOL        angy_syszero
  C:793CH         PUBLIC        GetAngPSet
  C:7BFCH         PUBLIC        _SetAngXInst
  C:7C02H         PUBLIC        _SetAngYInst
  C:791EH         PUBLIC        GetAngXSet
  C:792DH         PUBLIC        GetAngYSet
  X:0C03H         SYMBOL        angx_inst
  X:0C07H         SYMBOL        angy_inst
  X:0C0BH         SYMBOL        angp_set
  C:51A7H         SYMBOL        _PAngCalc
  X:0C0FH         SYMBOL        angx_set
  X:0C13H         SYMBOL        angy_set
  C:734BH         PUBLIC        _SetAngZero
BL51 BANKED LINKER/LOCATER V6.22                                                      06/27/2018  11:39:01  PAGE 29


  C:794BH         PUBLIC        GetAngXZeroUsr
  C:78E2H         PUBLIC        GetAngXUsrZero
  C:795AH         PUBLIC        GetAngYZeroUsr
  C:78F1H         PUBLIC        GetAngYUsrZero
  C:739FH         PUBLIC        _SetAngZeroAdd
  X:0C17H         SYMBOL        BufZerox_usr
  C:78C4H         PUBLIC        GetAngXSysZero
  X:0C1BH         SYMBOL        BufZeroy_usr
  C:78D3H         PUBLIC        GetAngYSysZero
  C:7969H         PUBLIC        GetAngXRelSys
  C:7978H         PUBLIC        GetAngYRelSys
  X:0C1FH         SYMBOL        BufZerox_sys
  X:0C23H         SYMBOL        BufZeroy_sys
  C:7BF0H         PUBLIC        _SetAngXUsrZero
  -------         PROC          ANGINIT
  C:615CH         LINE#         41
  C:615CH         LINE#         42
  C:615CH         LINE#         43
  C:615FH         LINE#         45
  C:6169H         LINE#         47
  C:6174H         LINE#         48
  C:617FH         LINE#         49
  C:618AH         LINE#         50
  C:6195H         LINE#         51
  C:61A0H         LINE#         52
  C:61ABH         LINE#         57
  C:61B5H         LINE#         58
  C:61BFH         LINE#         59
  C:61C9H         LINE#         60
  C:61D3H         LINE#         62
  -------         ENDPROC       ANGINIT
  -------         PROC          _PANGCALC
  D:0004H         SYMBOL        angx
  D:003EH         SYMBOL        angy
  -------         DO            
  D:0042H         SYMBOL        x
  D:0004H         SYMBOL        y
  D:0046H         SYMBOL        s
  -------         ENDDO         
  C:51A7H         LINE#         70
  C:51A7H         LINE#         71
  C:51A7H         LINE#         74
  C:51B3H         LINE#         75
  C:51D1H         LINE#         76
  C:51DCH         LINE#         77
  C:51EFH         LINE#         79
  C:51FBH         LINE#         80
  C:5211H         LINE#         81
  C:5214H         LINE#         82
  C:521FH         LINE#         84
  C:5235H         LINE#         85
  C:5249H         LINE#         86
  C:5249H         LINE#         87
  C:5252H         LINE#         88
  C:5252H         LINE#         89
  C:527BH         LINE#         90
  C:527EH         LINE#         91
BL51 BANKED LINKER/LOCATER V6.22                                                      06/27/2018  11:39:01  PAGE 30


  -------         ENDPROC       _PANGCALC
  -------         PROC          GETANGP
  C:714DH         LINE#         99
  C:714DH         LINE#         100
  C:714DH         LINE#         102
  C:7174H         LINE#         103
  C:7182H         LINE#         104
  -------         ENDPROC       GETANGP
  -------         PROC          GETANGXSYSZERO
  C:78C4H         LINE#         106
  C:78C4H         LINE#         107
  C:78C4H         LINE#         108
  C:78D2H         LINE#         109
  -------         ENDPROC       GETANGXSYSZERO
  -------         PROC          GETANGYSYSZERO
  C:78D3H         LINE#         110
  C:78D3H         LINE#         111
  C:78D3H         LINE#         112
  C:78E1H         LINE#         113
  -------         ENDPROC       GETANGYSYSZERO
  -------         PROC          GETANGXUSRZERO
  C:78E2H         LINE#         114
  C:78E2H         LINE#         115
  C:78E2H         LINE#         116
[...]
BL51 BANKED LINKER/LOCATER V6.22                                                      06/27/2018  11:39:01  PAGE 106


  C:758FH         LINE#         334
  C:7593H         LINE#         335
  C:7593H         LINE#         336
  C:7593H         LINE#         337
  -------         ENDPROC       _SUB_STR2INT8S
  -------         PROC          _SUB_INT32S2STR
  D:002CH         SYMBOL        s
  D:002FH         SYMBOL        val
  C:3F41H         LINE#         339
  C:3F4FH         LINE#         340
  C:3F4FH         LINE#         341
  C:3F53H         LINE#         342
  C:3F53H         LINE#         343
  C:3F5EH         LINE#         344
  C:3F60H         LINE#         345
  C:3F62H         LINE#         347
  C:3F62H         LINE#         348
  C:3F6DH         LINE#         349
  C:3F6DH         LINE#         350
  C:3F9BH         LINE#         352
  C:3FBCH         LINE#         353
  C:3FDEH         LINE#         354
  C:3FF7H         LINE#         355
  C:4019H         LINE#         356
  C:4027H         LINE#         357
  C:4047H         LINE#         358
  C:4068H         LINE#         359
  C:4080H         LINE#         360
  -------         ENDPROC       _SUB_INT32S2STR
  -------         PROC          _SUB_INT16S2STR
  D:0001H         SYMBOL        s
  D:0004H         SYMBOL        val
  C:750FH         LINE#         363
  C:750FH         LINE#         364
  C:750FH         LINE#         365
  C:7517H         LINE#         366
  C:751EH         LINE#         367
  C:7520H         LINE#         368
  C:7522H         LINE#         370
  C:7527H         LINE#         371
  C:7527H         LINE#         372
  -------         ENDPROC       _SUB_INT16S2STR
  -------         PROC          _SUB_INT16U2STR
  D:0039H         SYMBOL        s
  D:003CH         SYMBOL        val
  C:54C9H         LINE#         375
  C:54D3H         LINE#         376
  C:54D3H         LINE#         377
  C:54E4H         LINE#         378
  C:54F3H         LINE#         379
  C:550DH         LINE#         380
  C:551CH         LINE#         381
  C:5536H         LINE#         382
  C:5545H         LINE#         383
  C:555FH         LINE#         384
  -------         ENDPROC       _SUB_INT16U2STR
  -------         PROC          _SUB_INT8U2STR
BL51 BANKED LINKER/LOCATER V6.22                                                      06/27/2018  11:39:01  PAGE 107


  D:0001H         SYMBOL        s
  D:0005H         SYMBOL        val
  C:7594H         LINE#         387
  C:7594H         LINE#         388
  C:7594H         LINE#         389
  C:759BH         LINE#         390
  C:75A5H         LINE#         391
  -------         ENDPROC       _SUB_INT8U2STR
  -------         PROC          _SUB_SBUFSWITCH
  D:002CH         SYMBOL        buf
  D:002FH         SYMBOL        i
  D:0030H         SYMBOL        j
  -------         DO            
  D:0031H         SYMBOL        temp
  -------         ENDDO         
  C:69CAH         LINE#         401
  C:69D2H         LINE#         402
  C:69D2H         LINE#         405
  C:69E8H         LINE#         406
  C:6A04H         LINE#         407
  -------         ENDPROC       _SUB_SBUFSWITCH
  -------         PROC          _SUB_16SBUFSWITCH
  D:003DH         SYMBOL        buf
  D:0005H         SYMBOL        i
  D:0041H         SYMBOL        j
  -------         DO            
  D:0042H         SYMBOL        temp
  -------         ENDDO         
  C:6BFDH         LINE#         411
  C:6C03H         LINE#         412
  C:6C03H         LINE#         415
  C:6C15H         LINE#         416
  C:6C36H         LINE#         417
  -------         ENDPROC       _SUB_16SBUFSWITCH
  -------         PROC          _SUB_UBUFSWITCH
  D:003DH         SYMBOL        buf
  D:0005H         SYMBOL        i
  D:0041H         SYMBOL        j
  -------         DO            
  D:0042H         SYMBOL        temp
  -------         ENDDO         
  C:6C49H         LINE#         421
  C:6C4FH         LINE#         422
  C:6C4FH         LINE#         425
  C:6C61H         LINE#         426
  C:6C82H         LINE#         427
  -------         ENDPROC       _SUB_UBUFSWITCH
  -------         PROC          _SUB_BUFBUBBLE32S
  D:0023H         SYMBOL        id
  D:0026H         SYMBOL        x
  D:0029H         SYMBOL        n
  -------         DO            
  D:002AH         SYMBOL        i
  D:002BH         SYMBOL        j
  -------         ENDDO         
  C:65B9H         LINE#         430
  C:65BFH         LINE#         431
BL51 BANKED LINKER/LOCATER V6.22                                                      06/27/2018  11:39:01  PAGE 108


  C:65BFH         LINE#         434
  C:65C9H         LINE#         435
  C:65D5H         LINE#         436
  C:65FDH         LINE#         437
  C:660BH         LINE#         438
  C:6619H         LINE#         439
  C:6619H         LINE#         440
  C:661DH         LINE#         441
  C:6621H         LINE#         442
  -------         ENDPROC       _SUB_BUFBUBBLE32S
  -------         PROC          _SUB_BUFBUBBLE16S
  D:0025H         SYMBOL        id
  D:0028H         SYMBOL        x
  D:002BH         SYMBOL        n
  -------         DO            
  D:002CH         SYMBOL        i
  D:002DH         SYMBOL        j
  -------         ENDDO         
  C:6479H         LINE#         444
  C:647FH         LINE#         445
  C:647FH         LINE#         448
  C:6489H         LINE#         449
  C:6495H         LINE#         450
  C:64C7H         LINE#         451
  C:64CFH         LINE#         452
  C:64DDH         LINE#         453
  C:64DDH         LINE#         454
  C:64E1H         LINE#         455
  C:64E5H         LINE#         456
  -------         ENDPROC       _SUB_BUFBUBBLE16S
  -------         PROC          _SUB_BUFBUBBLE16U
  D:0031H         SYMBOL        id
  D:0034H         SYMBOL        x
  D:0037H         SYMBOL        y
  D:003AH         SYMBOL        n
  -------         DO            
  D:003BH         SYMBOL        i
  D:003CH         SYMBOL        j
  -------         ENDDO         
  C:61D4H         LINE#         461
  C:61DAH         LINE#         462
  C:61DAH         LINE#         465
  C:61E4H         LINE#         466
  C:61F0H         LINE#         467
  C:621CH         LINE#         468
  C:6224H         LINE#         469
  C:6232H         LINE#         470
  C:6240H         LINE#         471
  C:6240H         LINE#         472
  C:6244H         LINE#         473
  C:6248H         LINE#         474
  -------         ENDPROC       _SUB_BUFBUBBLE16U
  -------         PROC          SUB_SYSRST
  -------         DO            
  D:0007H         SYMBOL        SfrPage_
  -------         ENDDO         
  C:7B17H         LINE#         477
BL51 BANKED LINKER/LOCATER V6.22                                                      06/27/2018  11:39:01  PAGE 109


  C:7B17H         LINE#         478
  C:7B19H         LINE#         481
  C:7B1CH         LINE#         482
  C:7B1FH         LINE#         483
  C:7B21H         LINE#         484
  -------         ENDPROC       SUB_SYSRST
  -------         ENDMOD        SUB

  -------         MODULE        TIMER
  C:0000H         SYMBOL        _ICE_DUMMY_
  D:0090H         PUBLIC        P1
  D:0018H         SYMBOL        MainTime4En
  D:00A0H         PUBLIC        P2
  C:6F33H         PUBLIC        Timer2_ISR
  D:00A7H         PUBLIC        SFRPAGE
  C:709CH         PUBLIC        Timer2_TaskInIsr
  B:00C8H.7       PUBLIC        TF2H
  D:00CCH         PUBLIC        TMR2
  C:6EF6H         PUBLIC        Timer2_Init
  D:00C8H         PUBLIC        TMR2CN
  D:00CAH         PUBLIC        TMR2RL
  B:00A8H.5       PUBLIC        ET2
  B:00C8H.2       PUBLIC        TR2
  C:782BH         PUBLIC        Timer2_TaskInMain
  D:008EH         PUBLIC        CKCON
  X:0CA5H         PUBLIC        MainTime4Cnt
  -------         PROC          TIMER2_INIT
  -------         DO            
  D:0007H         SYMBOL        SfrPage_
  -------         ENDDO         
  C:6EF6H         LINE#         26
  C:6EF6H         LINE#         27
  C:6EF6H         LINE#         28
  C:6EF8H         LINE#         29
  C:6EFBH         LINE#         30
  C:6EFDH         LINE#         31
  C:6F00H         LINE#         32
  C:6F06H         LINE#         33
  C:6F0CH         LINE#         34
  C:6F0EH         LINE#         35
  C:6F10H         LINE#         36
  C:6F12H         LINE#         37
  C:6F32H         LINE#         38
  -------         ENDPROC       TIMER2_INIT
  -------         PROC          TIMER2_ISR
  C:6F33H         LINE#         46
  C:6F50H         LINE#         48
  C:6F52H         LINE#         49
  C:6F55H         LINE#         50
  -------         ENDPROC       TIMER2_ISR
  -------         PROC          TIMER2_TASKINISR
  C:709CH         LINE#         68
  C:709CH         LINE#         69
  C:709CH         LINE#         70
  C:709FH         LINE#         71
  C:70ADH         LINE#         72
  C:70B4H         LINE#         73
BL51 BANKED LINKER/LOCATER V6.22                                                      06/27/2018  11:39:01  PAGE 110


  C:70B4H         LINE#         74
  C:70D4H         LINE#         75
  C:70D7H         LINE#         77
  C:70D7H         LINE#         78
  -------         ENDPROC       TIMER2_TASKINISR
  -------         PROC          TIMER2_TASKINMAIN
  C:782BH         LINE#         86
  C:782BH         LINE#         87
  C:782BH         LINE#         88
  C:7830H         LINE#         89
  C:7833H         LINE#         90
  C:7839H         LINE#         91
  C:783CH         LINE#         93
  C:783CH         LINE#         94
  -------         ENDPROC       TIMER2_TASKINMAIN
  -------         ENDMOD        TIMER

  -------         MODULE        ?C?FPADD
  C:0055H         PUBLIC        ?C?FPADD
  C:0051H         PUBLIC        ?C?FPSUB
  -------         ENDMOD        ?C?FPADD

  -------         MODULE        ?C?FPMUL
  C:0146H         PUBLIC        ?C?FPMUL
  -------         ENDMOD        ?C?FPMUL

  -------         MODULE        ?C?FPDIV
  C:024FH         PUBLIC        ?C?FPDIV
  -------         ENDMOD        ?C?FPDIV

  -------         MODULE        ?C?FPCMP
  C:02EEH         PUBLIC        ?C?FPCMP
  C:02ECH         PUBLIC        ?C?FPCMP3
  -------         ENDMOD        ?C?FPCMP

  -------         MODULE        ?C?FCAST
  C:0363H         PUBLIC        ?C?FCASTC
  C:035EH         PUBLIC        ?C?FCASTI
  C:0359H         PUBLIC        ?C?FCASTL
  -------         ENDMOD        ?C?FCAST

  -------         MODULE        ?C?CASTF
  C:0397H         PUBLIC        ?C?CASTF
  -------         ENDMOD        ?C?CASTF

  -------         MODULE        SQRT
  C:557DH         PUBLIC        _SQRT
  -------         ENDMOD        SQRT

  -------         MODULE        SIN
  C:39ECH         PUBLIC        _COS
  C:3A02H         PUBLIC        _SIN
  C:3A34H         PUBLIC        _TAN
  -------         ENDMOD        SIN

  -------         MODULE        ATAN
  C:4472H         PUBLIC        _ATAN
BL51 BANKED LINKER/LOCATER V6.22                                                      06/27/2018  11:39:01  PAGE 111


  -------         ENDMOD        ATAN

  -------         MODULE        ASIN
  C:70D8H         PUBLIC        _ASIN
  -------         ENDMOD        ASIN

  -------         MODULE        ?C?CLDPTR
  C:0465H         PUBLIC        ?C?CLDPTR
  -------         ENDMOD        ?C?CLDPTR

  -------         MODULE        ?C?CLDOPTR
  C:047EH         PUBLIC        ?C?CLDOPTR
  -------         ENDMOD        ?C?CLDOPTR

  -------         MODULE        ?C?CILDPTR
  C:04ABH         PUBLIC        ?C?CILDPTR
  -------         ENDMOD        ?C?CILDPTR

  -------         MODULE        ?C?CILDOPTR
  C:04CDH         PUBLIC        ?C?CILDOPTR
  -------         ENDMOD        ?C?CILDOPTR

  -------         MODULE        ?C?CSTPTR
  C:0500H         PUBLIC        ?C?CSTPTR
  -------         ENDMOD        ?C?CSTPTR

  -------         MODULE        ?C?CSTOPTR
  C:0512H         PUBLIC        ?C?CSTOPTR
  -------         ENDMOD        ?C?CSTOPTR

  -------         MODULE        ?C?IMUL
  C:0534H         PUBLIC        ?C?IMUL
  -------         ENDMOD        ?C?IMUL

  -------         MODULE        ?C?UIDIV
  C:0546H         PUBLIC        ?C?UIDIV
  -------         ENDMOD        ?C?UIDIV

  -------         MODULE        ?C?SIDIV
  C:059BH         PUBLIC        ?C?SIDIV
  -------         ENDMOD        ?C?SIDIV

  -------         MODULE        ?C?IILDX
  C:05D1H         PUBLIC        ?C?IILDX
  -------         ENDMOD        ?C?IILDX

  -------         MODULE        ?C?ILDPTR
  C:05E7H         PUBLIC        ?C?ILDPTR
  -------         ENDMOD        ?C?ILDPTR

  -------         MODULE        ?C?ILDOPTR
  C:0612H         PUBLIC        ?C?ILDOPTR
  -------         ENDMOD        ?C?ILDOPTR

  -------         MODULE        ?C?IILDPTR
  C:064AH         PUBLIC        ?C?IILDPTR
  -------         ENDMOD        ?C?IILDPTR
BL51 BANKED LINKER/LOCATER V6.22                                                      06/27/2018  11:39:01  PAGE 112



  -------         MODULE        ?C?IILDOPTR
  C:0682H         PUBLIC        ?C?IILDOPTR
  -------         ENDMOD        ?C?IILDOPTR

  -------         MODULE        ?C?ISTPTR
  C:06CFH         PUBLIC        ?C?ISTPTR
  -------         ENDMOD        ?C?ISTPTR

  -------         MODULE        ?C?ISTOPTR
  C:06EEH         PUBLIC        ?C?ISTOPTR
  -------         ENDMOD        ?C?ISTOPTR

  -------         MODULE        ?C?LMUL
  C:071BH         PUBLIC        ?C?LMUL
  -------         ENDMOD        ?C?LMUL

  -------         MODULE        ?C?ULDIV
  C:07A6H         PUBLIC        ?C?ULDIV
  -------         ENDMOD        ?C?ULDIV

  -------         MODULE        ?C?SLDIV
  C:6DEFH         PUBLIC        ?C?SLDIV
  -------         ENDMOD        ?C?SLDIV

  -------         MODULE        ?C?LNEG
  C:0838H         PUBLIC        ?C?LNEG
  -------         ENDMOD        ?C?LNEG

  -------         MODULE        ?C?SLCMP
  C:0846H         PUBLIC        ?C?SLCMP
  -------         ENDMOD        ?C?SLCMP

  -------         MODULE        ?C?ULCMP
  C:085CH         PUBLIC        ?C?ULCMP
  -------         ENDMOD        ?C?ULCMP

  -------         MODULE        ?C?ULSHR
  C:086DH         PUBLIC        ?C?ULSHR
  -------         ENDMOD        ?C?ULSHR

  -------         MODULE        ?C?LSHL
  C:0880H         PUBLIC        ?C?LSHL
  -------         ENDMOD        ?C?LSHL

  -------         MODULE        ?C?LLDPTR
  C:0893H         PUBLIC        ?C?LLDPTR
  -------         ENDMOD        ?C?LLDPTR

  -------         MODULE        ?C?LLDOPTR
  C:08B3H         PUBLIC        ?C?LLDOPTR
  -------         ENDMOD        ?C?LLDOPTR

  -------         MODULE        ?C?LSTPTR
  C:08E3H         PUBLIC        ?C?LSTPTR
  -------         ENDMOD        ?C?LSTPTR

BL51 BANKED LINKER/LOCATER V6.22                                                      06/27/2018  11:39:01  PAGE 113


  -------         MODULE        ?C?LSTOPTR
  C:08FDH         PUBLIC        ?C?LSTOPTR
  -------         ENDMOD        ?C?LSTOPTR

  -------         MODULE        ?C?LLDCODE
  C:0921H         PUBLIC        ?C?LLDCODE
  -------         ENDMOD        ?C?LLDCODE

  -------         MODULE        ?C?LLDCODE0
  C:0931H         PUBLIC        ?C?LLDCODE0
  -------         ENDMOD        ?C?LLDCODE0

  -------         MODULE        ?C?LLDOPTR0
  C:0941H         PUBLIC        ?C?LLDOPTR0
  -------         ENDMOD        ?C?LLDOPTR0

  -------         MODULE        ?C?LSTXDATA
  C:0971H         PUBLIC        ?C?LSTXDATA
  -------         ENDMOD        ?C?LSTXDATA

  -------         MODULE        ?C?LSTKXDATA
  C:097DH         PUBLIC        ?C?LSTKXDATA
  -------         ENDMOD        ?C?LSTKXDATA

  -------         MODULE        ?C?LSTKOPTR
  C:09AEH         PUBLIC        ?C?LSTKOPTR
  -------         ENDMOD        ?C?LSTKOPTR

  -------         MODULE        ?C?OFFXADD
  C:09D2H         PUBLIC        ?C?OFFXADD
  -------         ENDMOD        ?C?OFFXADD

  -------         MODULE        ?C?PLDOPTR
  C:09DEH         PUBLIC        ?C?PLDOPTR
  -------         ENDMOD        ?C?PLDOPTR

  -------         MODULE        ?C?PLDIOPTR
  C:0A0EH         PUBLIC        ?C?PLDIOPTR
  -------         ENDMOD        ?C?PLDIOPTR

  -------         MODULE        ?C?PSTOPTR
  C:0A40H         PUBLIC        ?C?PSTOPTR
  -------         ENDMOD        ?C?PSTOPTR

  -------         MODULE        ?C?ICASE
  C:0A99H         PUBLIC        ?C?ICASE
  -------         ENDMOD        ?C?ICASE

  -------         MODULE        ?C?ICALL
  C:0AC6H         PUBLIC        ?C?ICALL
  C:0ACAH         PUBLIC        ?C?ICALL2
  -------         ENDMOD        ?C?ICALL

  -------         MODULE        STRNCMP
  D:002CH         PUBLIC        ?_strncmp?BYTE
  C:639DH         PUBLIC        _strncmp
  -------         ENDMOD        STRNCMP
BL51 BANKED LINKER/LOCATER V6.22                                                      06/27/2018  11:39:01  PAGE 114



  -------         MODULE        STRNCPY
  D:002BH         PUBLIC        ?_strncpy?BYTE
  C:6A75H         PUBLIC        _strncpy
  -------         ENDMOD        STRNCPY

  -------         MODULE        ?C?LLDIDATA
  C:0ACCH         PUBLIC        ?C?LLDIDATA
  -------         ENDMOD        ?C?LLDIDATA

  -------         MODULE        ?C?LLDXDATA
  C:0AD8H         PUBLIC        ?C?LLDXDATA
  -------         ENDMOD        ?C?LLDXDATA

  -------         MODULE        ?C?LLDPDATA
  C:0AE4H         PUBLIC        ?C?LLDPDATA
  -------         ENDMOD        ?C?LLDPDATA

  -------         MODULE        ?C?LLDIDATA0
  C:0AF0H         PUBLIC        ?C?LLDIDATA0
  -------         ENDMOD        ?C?LLDIDATA0

  -------         MODULE        ?C?LLDXDATA0
  C:0AFDH         PUBLIC        ?C?LLDXDATA0
  -------         ENDMOD        ?C?LLDXDATA0

  -------         MODULE        ?C?LLDPDATA0
  C:0B09H         PUBLIC        ?C?LLDPDATA0
  -------         ENDMOD        ?C?LLDPDATA0

  -------         MODULE        ?C?LSTIDATA
  C:0B16H         PUBLIC        ?C?LSTIDATA
  -------         ENDMOD        ?C?LSTIDATA

  -------         MODULE        ?C?LSTPDATA
  C:0B22H         PUBLIC        ?C?LSTPDATA
  -------         ENDMOD        ?C?LSTPDATA

  -------         MODULE        ?C?LSTKIDATA
  C:0B2EH         PUBLIC        ?C?LSTKIDATA
  -------         ENDMOD        ?C?LSTKIDATA

  -------         MODULE        ?C?LSTKPDATA
  C:0B47H         PUBLIC        ?C?LSTKPDATA
  -------         ENDMOD        ?C?LSTKPDATA

  -------         MODULE        ?C?PLDIDATA
  C:0B60H         PUBLIC        ?C?PLDIDATA
  -------         ENDMOD        ?C?PLDIDATA

  -------         MODULE        ?C?PLDIIDATA
  C:0B69H         PUBLIC        ?C?PLDIIDATA
  -------         ENDMOD        ?C?PLDIIDATA

  -------         MODULE        ?C?PSTIDATA
  C:0B79H         PUBLIC        ?C?PSTIDATA
  -------         ENDMOD        ?C?PSTIDATA
BL51 BANKED LINKER/LOCATER V6.22                                                      06/27/2018  11:39:01  PAGE 115



  -------         MODULE        ?C?PLDXDATA
  C:0B82H         PUBLIC        ?C?PLDXDATA
  -------         ENDMOD        ?C?PLDXDATA

  -------         MODULE        ?C?PLDIXDATA
  C:0B8BH         PUBLIC        ?C?PLDIXDATA
  -------         ENDMOD        ?C?PLDIXDATA

  -------         MODULE        ?C?PSTXDATA
  C:0BA2H         PUBLIC        ?C?PSTXDATA
  -------         ENDMOD        ?C?PSTXDATA

  -------         MODULE        ?C?PLDPDATA
  C:0BABH         PUBLIC        ?C?PLDPDATA
  -------         ENDMOD        ?C?PLDPDATA

  -------         MODULE        ?C?PLDIPDATA
  C:0BB4H         PUBLIC        ?C?PLDIPDATA
  -------         ENDMOD        ?C?PLDIPDATA

  -------         MODULE        ?C?PSTPDATA
  C:0BC4H         PUBLIC        ?C?PSTPDATA
  -------         ENDMOD        ?C?PSTPDATA

  -------         MODULE        ?C?PLDCODE
  C:0BCDH         PUBLIC        ?C?PLDCODE
  -------         ENDMOD        ?C?PLDCODE

Program Size: data=114.4 xdata=3240 code=31835
LINK/LOCATE RUN COMPLETE.  0 WARNING(S),  0 ERROR(S)
